22:16:27 **** Incremental Build of configuration Debug for project Test ****
make pre-build main-build 
a9-linaro-pre-build-step
 
Building file: ../src/helloworld.c
Invoking: ARM v7 gcc compiler
make: Interrupt/Exception caught (code = 0xc00000fd, addr = 0x4227d3)
22:17:10 **** Clean-only build of configuration Debug for project Test ****
make clean 
rm -rf  ./src/helloworld.o ./src/platform.o  ./src/helloworld.d ./src/platform.d  Test.elf.size  Test.elf
 
22:17:10 **** Clean-only build of project Test_bsp ****
make -k clean 
rm -f ps7_cortexa9_0/lib/libxil.a
22:17:10 **** Build of project Test_bsp ****
make -k all 
"Running Make include in ps7_cortexa9_0/libsrc/axidma_v9_3/src"
make -C ps7_cortexa9_0/libsrc/axidma_v9_3/src -s include  "SHELL=CMD" "COMPILER=arm-none-eabi-gcc" "ARCHIVER=arm-none-eabi-ar" "COMPILER_FLAGS=  -O2 -c" "EXTRA_COMPILER_FLAGS=-mcpu=cortex-a9 -mfpu=vfpv3 -mfloat-abi=hard -nostartfiles"
"Running Make include in ps7_cortexa9_0/libsrc/coresightps_dcc_v1_3/src"
make -C ps7_cortexa9_0/libsrc/coresightps_dcc_v1_3/src -s include  "SHELL=CMD" "COMPILER=arm-none-eabi-gcc" "ARCHIVER=arm-none-eabi-ar" "COMPILER_FLAGS=  -O2 -c" "EXTRA_COMPILER_FLAGS=-mcpu=cortex-a9 -mfpu=vfpv3 -mfloat-abi=hard -nostartfiles"
"Running Make include in ps7_cortexa9_0/libsrc/cpu_cortexa9_v2_3/src"
make -C ps7_cortexa9_0/libsrc/cpu_cortexa9_v2_3/src -s include  "SHELL=CMD" "COMPILER=arm-none-eabi-gcc" "ARCHIVER=arm-none-eabi-ar" "COMPILER_FLAGS=  -O2 -c" "EXTRA_COMPILER_FLAGS=-mcpu=cortex-a9 -mfpu=vfpv3 -mfloat-abi=hard -nostartfiles"
"Running Make include in ps7_cortexa9_0/libsrc/ddrps_v1_0/src"
make -C ps7_cortexa9_0/libsrc/ddrps_v1_0/src -s include  "SHELL=CMD" "COMPILER=arm-none-eabi-gcc" "ARCHIVER=arm-none-eabi-ar" "COMPILER_FLAGS=  -O2 -c" "EXTRA_COMPILER_FLAGS=-mcpu=cortex-a9 -mfpu=vfpv3 -mfloat-abi=hard -nostartfiles"
"Running Make include in ps7_cortexa9_0/libsrc/devcfg_v3_4/src"
make -C ps7_cortexa9_0/libsrc/devcfg_v3_4/src -s include  "SHELL=CMD" "COMPILER=arm-none-eabi-gcc" "ARCHIVER=arm-none-eabi-ar" "COMPILER_FLAGS=  -O2 -c" "EXTRA_COMPILER_FLAGS=-mcpu=cortex-a9 -mfpu=vfpv3 -mfloat-abi=hard -nostartfiles"
"Running Make include in ps7_cortexa9_0/libsrc/dmaps_v2_3/src"
make -C ps7_cortexa9_0/libsrc/dmaps_v2_3/src -s include  "SHELL=CMD" "COMPILER=arm-none-eabi-gcc" "ARCHIVER=arm-none-eabi-ar" "COMPILER_FLAGS=  -O2 -c" "EXTRA_COMPILER_FLAGS=-mcpu=cortex-a9 -mfpu=vfpv3 -mfloat-abi=hard -nostartfiles"
"Running Make include in ps7_cortexa9_0/libsrc/emacps_v3_3/src"
make -C ps7_cortexa9_0/libsrc/emacps_v3_3/src -s include  "SHELL=CMD" "COMPILER=arm-none-eabi-gcc" "ARCHIVER=arm-none-eabi-ar" "COMPILER_FLAGS=  -O2 -c" "EXTRA_COMPILER_FLAGS=-mcpu=cortex-a9 -mfpu=vfpv3 -mfloat-abi=hard -nostartfiles"
"Running Make include in ps7_cortexa9_0/libsrc/gpiops_v3_1/src"
make -C ps7_cortexa9_0/libsrc/gpiops_v3_1/src -s include  "SHELL=CMD" "COMPILER=arm-none-eabi-gcc" "ARCHIVER=arm-none-eabi-ar" "COMPILER_FLAGS=  -O2 -c" "EXTRA_COMPILER_FLAGS=-mcpu=cortex-a9 -mfpu=vfpv3 -mfloat-abi=hard -nostartfiles"
"Running Make include in ps7_cortexa9_0/libsrc/qspips_v3_3/src"
make -C ps7_cortexa9_0/libsrc/qspips_v3_3/src -s include  "SHELL=CMD" "COMPILER=arm-none-eabi-gcc" "ARCHIVER=arm-none-eabi-ar" "COMPILER_FLAGS=  -O2 -c" "EXTRA_COMPILER_FLAGS=-mcpu=cortex-a9 -mfpu=vfpv3 -mfloat-abi=hard -nostartfiles"
"Running Make include in ps7_cortexa9_0/libsrc/scugic_v3_5/src"
make -C ps7_cortexa9_0/libsrc/scugic_v3_5/src -s include  "SHELL=CMD" "COMPILER=arm-none-eabi-gcc" "ARCHIVER=arm-none-eabi-ar" "COMPILER_FLAGS=  -O2 -c" "EXTRA_COMPILER_FLAGS=-mcpu=cortex-a9 -mfpu=vfpv3 -mfloat-abi=hard -nostartfiles"
"Running Make include in ps7_cortexa9_0/libsrc/scutimer_v2_1/src"
make -C ps7_cortexa9_0/libsrc/scutimer_v2_1/src -s include  "SHELL=CMD" "COMPILER=arm-none-eabi-gcc" "ARCHIVER=arm-none-eabi-ar" "COMPILER_FLAGS=  -O2 -c" "EXTRA_COMPILER_FLAGS=-mcpu=cortex-a9 -mfpu=vfpv3 -mfloat-abi=hard -nostartfiles"
"Running Make include in ps7_cortexa9_0/libsrc/scuwdt_v2_1/src"
make -C ps7_cortexa9_0/libsrc/scuwdt_v2_1/src -s include  "SHELL=CMD" "COMPILER=arm-none-eabi-gcc" "ARCHIVER=arm-none-eabi-ar" "COMPILER_FLAGS=  -O2 -c" "EXTRA_COMPILER_FLAGS=-mcpu=cortex-a9 -mfpu=vfpv3 -mfloat-abi=hard -nostartfiles"
"Running Make include in ps7_cortexa9_0/libsrc/sdps_v3_1/src"
make -C ps7_cortexa9_0/libsrc/sdps_v3_1/src -s include  "SHELL=CMD" "COMPILER=arm-none-eabi-gcc" "ARCHIVER=arm-none-eabi-ar" "COMPILER_FLAGS=  -O2 -c" "EXTRA_COMPILER_FLAGS=-mcpu=cortex-a9 -mfpu=vfpv3 -mfloat-abi=hard -nostartfiles"
"Running Make include in ps7_cortexa9_0/libsrc/standalone_v6_1/src"
make -C ps7_cortexa9_0/libsrc/standalone_v6_1/src -s include  "SHELL=CMD" "COMPILER=arm-none-eabi-gcc" "ARCHIVER=arm-none-eabi-ar" "COMPILER_FLAGS=  -O2 -c" "EXTRA_COMPILER_FLAGS=-mcpu=cortex-a9 -mfpu=vfpv3 -mfloat-abi=hard -nostartfiles"
"Running Make include in ps7_cortexa9_0/libsrc/ttcps_v3_2/src"
make -C ps7_cortexa9_0/libsrc/ttcps_v3_2/src -s include  "SHELL=CMD" "COMPILER=arm-none-eabi-gcc" "ARCHIVER=arm-none-eabi-ar" "COMPILER_FLAGS=  -O2 -c" "EXTRA_COMPILER_FLAGS=-mcpu=cortex-a9 -mfpu=vfpv3 -mfloat-abi=hard -nostartfiles"
"Running Make include in ps7_cortexa9_0/libsrc/uartps_v3_3/src"
make -C ps7_cortexa9_0/libsrc/uartps_v3_3/src -s include  "SHELL=CMD" "COMPILER=arm-none-eabi-gcc" "ARCHIVER=arm-none-eabi-ar" "COMPILER_FLAGS=  -O2 -c" "EXTRA_COMPILER_FLAGS=-mcpu=cortex-a9 -mfpu=vfpv3 -mfloat-abi=hard -nostartfiles"
"Running Make include in ps7_cortexa9_0/libsrc/usbps_v2_4/src"
make -C ps7_cortexa9_0/libsrc/usbps_v2_4/src -s include  "SHELL=CMD" "COMPILER=arm-none-eabi-gcc" "ARCHIVER=arm-none-eabi-ar" "COMPILER_FLAGS=  -O2 -c" "EXTRA_COMPILER_FLAGS=-mcpu=cortex-a9 -mfpu=vfpv3 -mfloat-abi=hard -nostartfiles"
"Running Make include in ps7_cortexa9_0/libsrc/xadcps_v2_2/src"
make -C ps7_cortexa9_0/libsrc/xadcps_v2_2/src -s include  "SHELL=CMD" "COMPILER=arm-none-eabi-gcc" "ARCHIVER=arm-none-eabi-ar" "COMPILER_FLAGS=  -O2 -c" "EXTRA_COMPILER_FLAGS=-mcpu=cortex-a9 -mfpu=vfpv3 -mfloat-abi=hard -nostartfiles"
"Running Make libs in ps7_cortexa9_0/libsrc/axidma_v9_3/src"
make -C ps7_cortexa9_0/libsrc/axidma_v9_3/src -s libs  "SHELL=CMD" "COMPILER=arm-none-eabi-gcc" "ARCHIVER=arm-none-eabi-ar" "COMPILER_FLAGS=  -O2 -c" "EXTRA_COMPILER_FLAGS=-mcpu=cortex-a9 -mfpu=vfpv3 -mfloat-abi=hard -nostartfiles"
"Compiling axidma"
arm-none-eabi-ar: creating ../../../lib/libxil.a
"Running Make libs in ps7_cortexa9_0/libsrc/coresightps_dcc_v1_3/src"
make -C ps7_cortexa9_0/libsrc/coresightps_dcc_v1_3/src -s libs  "SHELL=CMD" "COMPILER=arm-none-eabi-gcc" "ARCHIVER=arm-none-eabi-ar" "COMPILER_FLAGS=  -O2 -c" "EXTRA_COMPILER_FLAGS=-mcpu=cortex-a9 -mfpu=vfpv3 -mfloat-abi=hard -nostartfiles"
"Compiling coresightps_dcc"
"Running Make libs in ps7_cortexa9_0/libsrc/cpu_cortexa9_v2_3/src"
make -C ps7_cortexa9_0/libsrc/cpu_cortexa9_v2_3/src -s libs  "SHELL=CMD" "COMPILER=arm-none-eabi-gcc" "ARCHIVER=arm-none-eabi-ar" "COMPILER_FLAGS=  -O2 -c" "EXTRA_COMPILER_FLAGS=-mcpu=cortex-a9 -mfpu=vfpv3 -mfloat-abi=hard -nostartfiles"
"Compiling cpu_cortexa9"
"Running Make libs in ps7_cortexa9_0/libsrc/ddrps_v1_0/src"
make -C ps7_cortexa9_0/libsrc/ddrps_v1_0/src -s libs  "SHELL=CMD" "COMPILER=arm-none-eabi-gcc" "ARCHIVER=arm-none-eabi-ar" "COMPILER_FLAGS=  -O2 -c" "EXTRA_COMPILER_FLAGS=-mcpu=cortex-a9 -mfpu=vfpv3 -mfloat-abi=hard -nostartfiles"
"Compiling ddrps"
"Running Make libs in ps7_cortexa9_0/libsrc/devcfg_v3_4/src"
make -C ps7_cortexa9_0/libsrc/devcfg_v3_4/src -s libs  "SHELL=CMD" "COMPILER=arm-none-eabi-gcc" "ARCHIVER=arm-none-eabi-ar" "COMPILER_FLAGS=  -O2 -c" "EXTRA_COMPILER_FLAGS=-mcpu=cortex-a9 -mfpu=vfpv3 -mfloat-abi=hard -nostartfiles"
"Compiling devcfg"
"Running Make libs in ps7_cortexa9_0/libsrc/dmaps_v2_3/src"
make -C ps7_cortexa9_0/libsrc/dmaps_v2_3/src -s libs  "SHELL=CMD" "COMPILER=arm-none-eabi-gcc" "ARCHIVER=arm-none-eabi-ar" "COMPILER_FLAGS=  -O2 -c" "EXTRA_COMPILER_FLAGS=-mcpu=cortex-a9 -mfpu=vfpv3 -mfloat-abi=hard -nostartfiles"
"Compiling dmaps"
"Running Make libs in ps7_cortexa9_0/libsrc/emacps_v3_3/src"
make -C ps7_cortexa9_0/libsrc/emacps_v3_3/src -s libs  "SHELL=CMD" "COMPILER=arm-none-eabi-gcc" "ARCHIVER=arm-none-eabi-ar" "COMPILER_FLAGS=  -O2 -c" "EXTRA_COMPILER_FLAGS=-mcpu=cortex-a9 -mfpu=vfpv3 -mfloat-abi=hard -nostartfiles"
"Compiling emacps"
"Running Make libs in ps7_cortexa9_0/libsrc/gpiops_v3_1/src"
make -C ps7_cortexa9_0/libsrc/gpiops_v3_1/src -s libs  "SHELL=CMD" "COMPILER=arm-none-eabi-gcc" "ARCHIVER=arm-none-eabi-ar" "COMPILER_FLAGS=  -O2 -c" "EXTRA_COMPILER_FLAGS=-mcpu=cortex-a9 -mfpu=vfpv3 -mfloat-abi=hard -nostartfiles"
"Compiling gpiops"
"Running Make libs in ps7_cortexa9_0/libsrc/qspips_v3_3/src"
make -C ps7_cortexa9_0/libsrc/qspips_v3_3/src -s libs  "SHELL=CMD" "COMPILER=arm-none-eabi-gcc" "ARCHIVER=arm-none-eabi-ar" "COMPILER_FLAGS=  -O2 -c" "EXTRA_COMPILER_FLAGS=-mcpu=cortex-a9 -mfpu=vfpv3 -mfloat-abi=hard -nostartfiles"
"Compiling qspips"
"Running Make libs in ps7_cortexa9_0/libsrc/scugic_v3_5/src"
make -C ps7_cortexa9_0/libsrc/scugic_v3_5/src -s libs  "SHELL=CMD" "COMPILER=arm-none-eabi-gcc" "ARCHIVER=arm-none-eabi-ar" "COMPILER_FLAGS=  -O2 -c" "EXTRA_COMPILER_FLAGS=-mcpu=cortex-a9 -mfpu=vfpv3 -mfloat-abi=hard -nostartfiles"
"Compiling scugic"
"Running Make libs in ps7_cortexa9_0/libsrc/scutimer_v2_1/src"
make -C ps7_cortexa9_0/libsrc/scutimer_v2_1/src -s libs  "SHELL=CMD" "COMPILER=arm-none-eabi-gcc" "ARCHIVER=arm-none-eabi-ar" "COMPILER_FLAGS=  -O2 -c" "EXTRA_COMPILER_FLAGS=-mcpu=cortex-a9 -mfpu=vfpv3 -mfloat-abi=hard -nostartfiles"
"Compiling scutimer"
"Running Make libs in ps7_cortexa9_0/libsrc/scuwdt_v2_1/src"
make -C ps7_cortexa9_0/libsrc/scuwdt_v2_1/src -s libs  "SHELL=CMD" "COMPILER=arm-none-eabi-gcc" "ARCHIVER=arm-none-eabi-ar" "COMPILER_FLAGS=  -O2 -c" "EXTRA_COMPILER_FLAGS=-mcpu=cortex-a9 -mfpu=vfpv3 -mfloat-abi=hard -nostartfiles"
"Compiling scuwdt"
"Running Make libs in ps7_cortexa9_0/libsrc/sdps_v3_1/src"
make -C ps7_cortexa9_0/libsrc/sdps_v3_1/src -s libs  "SHELL=CMD" "COMPILER=arm-none-eabi-gcc" "ARCHIVER=arm-none-eabi-ar" "COMPILER_FLAGS=  -O2 -c" "EXTRA_COMPILER_FLAGS=-mcpu=cortex-a9 -mfpu=vfpv3 -mfloat-abi=hard -nostartfiles"
"Compiling sdps"
"Running Make libs in ps7_cortexa9_0/libsrc/standalone_v6_1/src"
make -C ps7_cortexa9_0/libsrc/standalone_v6_1/src -s libs  "SHELL=CMD" "COMPILER=arm-none-eabi-gcc" "ARCHIVER=arm-none-eabi-ar" "COMPILER_FLAGS=  -O2 -c" "EXTRA_COMPILER_FLAGS=-mcpu=cortex-a9 -mfpu=vfpv3 -mfloat-abi=hard -nostartfiles"
"Compiling standalone"
"Running Make libs in ps7_cortexa9_0/libsrc/ttcps_v3_2/src"
make -C ps7_cortexa9_0/libsrc/ttcps_v3_2/src -s libs  "SHELL=CMD" "COMPILER=arm-none-eabi-gcc" "ARCHIVER=arm-none-eabi-ar" "COMPILER_FLAGS=  -O2 -c" "EXTRA_COMPILER_FLAGS=-mcpu=cortex-a9 -mfpu=vfpv3 -mfloat-abi=hard -nostartfiles"
"Compiling ttcps"
"Running Make libs in ps7_cortexa9_0/libsrc/uartps_v3_3/src"
make -C ps7_cortexa9_0/libsrc/uartps_v3_3/src -s libs  "SHELL=CMD" "COMPILER=arm-none-eabi-gcc" "ARCHIVER=arm-none-eabi-ar" "COMPILER_FLAGS=  -O2 -c" "EXTRA_COMPILER_FLAGS=-mcpu=cortex-a9 -mfpu=vfpv3 -mfloat-abi=hard -nostartfiles"
"Compiling uartps"
"Running Make libs in ps7_cortexa9_0/libsrc/usbps_v2_4/src"
make -C ps7_cortexa9_0/libsrc/usbps_v2_4/src -s libs  "SHELL=CMD" "COMPILER=arm-none-eabi-gcc" "ARCHIVER=arm-none-eabi-ar" "COMPILER_FLAGS=  -O2 -c" "EXTRA_COMPILER_FLAGS=-mcpu=cortex-a9 -mfpu=vfpv3 -mfloat-abi=hard -nostartfiles"
"Compiling usbps"
"Running Make libs in ps7_cortexa9_0/libsrc/xadcps_v2_2/src"
make -C ps7_cortexa9_0/libsrc/xadcps_v2_2/src -s libs  "SHELL=CMD" "COMPILER=arm-none-eabi-gcc" "ARCHIVER=arm-none-eabi-ar" "COMPILER_FLAGS=  -O2 -c" "EXTRA_COMPILER_FLAGS=-mcpu=cortex-a9 -mfpu=vfpv3 -mfloat-abi=hard -nostartfiles"
"Compiling xadcps"
'Finished building libraries'
22:18:14 **** Build of configuration Release for project Test ****
make pre-build main-build 
a9-linaro-pre-build-step
 
Building file: ../src/helloworld.c
Invoking: ARM v7 gcc compiler
make: Interrupt/Exception caught (code = 0xc00000fd, addr = 0x4227d3)
22:26:29 **** Auto Build of configuration Release for project Test ****
make pre-build main-build 
a9-linaro-pre-build-step
 
Building file: ../src/helloworld.c
Invoking: ARM v7 gcc compiler
make: Interrupt/Exception caught (code = 0xc00000fd, addr = 0x4227d3)
22:29:15 **** Auto Build of configuration Release for project Test ****
make pre-build main-build 
a9-linaro-pre-build-step
 
Building file: ../src/helloworld.c
Invoking: ARM v7 gcc compiler
make: Interrupt/Exception caught (code = 0xc00000fd, addr = 0x4227d3)
22:29:34 **** Clean-only build of configuration Release for project Test ****
make clean 
rm -rf  ./src/helloworld.o ./src/platform.o  ./src/helloworld.d ./src/platform.d  Test.elf.size  Test.elf
 
22:29:34 **** Auto Build of configuration Release for project Test ****
make pre-build main-build 
a9-linaro-pre-build-step
 
Building file: ../src/helloworld.c
Invoking: ARM v7 gcc compiler
make: Interrupt/Exception caught (code = 0xc00000fd, addr = 0x4227d3)
22:30:05 **** Auto Build of configuration Release for project Test ****
make pre-build main-build 
a9-linaro-pre-build-step
 
Building file: ../src/helloworld.c
Invoking: ARM v7 gcc compiler
make: Interrupt/Exception caught (code = 0xc00000fd, addr = 0x4227d3)
22:30:23 **** Auto Build of configuration Release for project Test ****
make pre-build main-build 
a9-linaro-pre-build-step
 
Building file: ../src/helloworld.c
Invoking: ARM v7 gcc compiler
make: Interrupt/Exception caught (code = 0xc00000fd, addr = 0x4227d3)
22:33:04 **** Auto Build of configuration Release for project Test ****
make pre-build main-build 
a9-linaro-pre-build-step
 
Building file: ../src/helloworld.c
Invoking: ARM v7 gcc compiler
make: Interrupt/Exception caught (code = 0xc00000fd, addr = 0x4227d3)
22:37:19 **** Auto Build of configuration Release for project Test ****
make pre-build main-build 
a9-linaro-pre-build-step
' '
'Building file: ../src/helloworld.c'
'Invoking: ARM v7 gcc compiler'
arm-none-eabi-gcc -Wall -O2 -c -fmessage-length=0 -MT"src/helloworld.o" -mcpu=cortex-a9 -mfpu=vfpv3 -mfloat-abi=hard -I../../Test_bsp/ps7_cortexa9_0/include -MMD -MP -MF"src/helloworld.d" -MT"src/helloworld.o" -o "src/helloworld.o" "../src/helloworld.c"
'Finished building: ../src/helloworld.c'
' '
'Building file: ../src/platform.c'
'Invoking: ARM v7 gcc compiler'
arm-none-eabi-gcc -Wall -O2 -c -fmessage-length=0 -MT"src/platform.o" -mcpu=cortex-a9 -mfpu=vfpv3 -mfloat-abi=hard -I../../Test_bsp/ps7_cortexa9_0/include -MMD -MP -MF"src/platform.d" -MT"src/platform.o" -o "src/platform.o" "../src/platform.c"
'Finished building: ../src/platform.c'
' '
'Building target: Test.elf'
'Invoking: ARM v7 gcc linker'
arm-none-eabi-gcc -mcpu=cortex-a9 -mfpu=vfpv3 -mfloat-abi=hard -Wl,-build-id=none -specs=Xilinx.spec -Wl,-T -Wl,../src/lscript.ld -L../../Test_bsp/ps7_cortexa9_0/lib -o "Test.elf"  ./src/helloworld.o ./src/platform.o   -Wl,--start-group,-lxil,-lgcc,-lc,--end-group
'Finished building target: Test.elf'
' '
'Invoking: ARM v7 Print Size'
arm-none-eabi-size Test.elf  |tee "Test.elf.size"
   text	   data	    bss	    dec	    hex	filename
  22236	   1148	   8232	  31616	   7b80	Test.elf
'Finished building: Test.elf.size'
' '
22:40:23 **** Incremental Build of configuration Release for project Test ****
make pre-build main-build 
a9-linaro-pre-build-step
' '
make: Rien à faire pour « main-build ».
22:40:51 **** Auto Build of configuration Release for project Test ****
make pre-build main-build 
a9-linaro-pre-build-step
' '
'Building file: ../src/helloworld.c'
'Invoking: ARM v7 gcc compiler'
arm-none-eabi-gcc -Wall -O2 -c -fmessage-length=0 -MT"src/helloworld.o" -mcpu=cortex-a9 -mfpu=vfpv3 -mfloat-abi=hard -I../../Test_bsp/ps7_cortexa9_0/include -MMD -MP -MF"src/helloworld.d" -MT"src/helloworld.o" -o "src/helloworld.o" "../src/helloworld.c"
'Finished building: ../src/helloworld.c'
' '
'Building target: Test.elf'
'Invoking: ARM v7 gcc linker'
arm-none-eabi-gcc -mcpu=cortex-a9 -mfpu=vfpv3 -mfloat-abi=hard -Wl,-build-id=none -specs=Xilinx.spec -Wl,-T -Wl,../src/lscript.ld -L../../Test_bsp/ps7_cortexa9_0/lib -o "Test.elf"  ./src/helloworld.o ./src/platform.o   -Wl,--start-group,-lxil,-lgcc,-lc,--end-group
'Finished building target: Test.elf'
' '
'Invoking: ARM v7 Print Size'
arm-none-eabi-size Test.elf  |tee "Test.elf.size"
   text	   data	    bss	    dec	    hex	filename
  24492	   1148	   8232	  33872	   8450	Test.elf
'Finished building: Test.elf.size'
' '
22:40:56 **** Incremental Build of configuration Release for project Test ****
make pre-build main-build 
a9-linaro-pre-build-step
' '
make: Rien à faire pour « main-build ».
22:41:23 **** Auto Build of configuration Release for project Test ****
make pre-build main-build 
a9-linaro-pre-build-step
' '
'Building file: ../src/helloworld.c'
'Invoking: ARM v7 gcc compiler'
arm-none-eabi-gcc -Wall -O2 -c -fmessage-length=0 -MT"src/helloworld.o" -mcpu=cortex-a9 -mfpu=vfpv3 -mfloat-abi=hard -I../../Test_bsp/ps7_cortexa9_0/include -MMD -MP -MF"src/helloworld.d" -MT"src/helloworld.o" -o "src/helloworld.o" "../src/helloworld.c"
'Finished building: ../src/helloworld.c'
' '
'Building target: Test.elf'
'Invoking: ARM v7 gcc linker'
arm-none-eabi-gcc -mcpu=cortex-a9 -mfpu=vfpv3 -mfloat-abi=hard -Wl,-build-id=none -specs=Xilinx.spec -Wl,-T -Wl,../src/lscript.ld -L../../Test_bsp/ps7_cortexa9_0/lib -o "Test.elf"  ./src/helloworld.o ./src/platform.o   -Wl,--start-group,-lxil,-lgcc,-lc,--end-group
'Finished building target: Test.elf'
' '
'Invoking: ARM v7 Print Size'
arm-none-eabi-size Test.elf  |tee "Test.elf.size"
   text	   data	    bss	    dec	    hex	filename
  74588	   2584	   8992	  86164	  15094	Test.elf
'Finished building: Test.elf.size'
' '
22:41:26 **** Incremental Build of configuration Release for project Test ****
make pre-build main-build 
a9-linaro-pre-build-step
' '
make: Rien à faire pour « main-build ».
22:42:37 **** Build of configuration Debug for project DeepLearningZynq ****
make pre-build main-build 
a9-linaro-pre-build-step
' '
'Building file: ../src/platform.c'
'Invoking: ARM v7 gcc compiler'
arm-none-eabi-gcc -Wall -O0 -g3 -c -fmessage-length=0 -MT"src/platform.o" -mcpu=cortex-a9 -mfpu=vfpv3 -mfloat-abi=hard -I../../DeepLearningZynq_bsp/ps7_cortexa9_0/include -MMD -MP -MF"src/platform.d" -MT"src/platform.o" -o "src/platform.o" "../src/platform.c"
'Finished building: ../src/platform.c'
' '
'Building file: ../main.c'
'Invoking: ARM v7 gcc compiler'
arm-none-eabi-gcc -Wall -O0 -g3 -c -fmessage-length=0 -MT"main.o" -mcpu=cortex-a9 -mfpu=vfpv3 -mfloat-abi=hard -I../../DeepLearningZynq_bsp/ps7_cortexa9_0/include -MMD -MP -MF"main.d" -MT"main.o" -o "main.o" "../main.c"
In file included from ../simd_neon.h:6:0,
                 from ../simd.h:5,
                 from ../main.c:19:
d:\sdk\2016.4\gnu\aarch32\nt\gcc-arm-none-eabi\lib\gcc\arm-none-eabi\5.2.1\include\arm_neon.h:31:2: error: #error You must enable NEON instructions (e.g. -mfloat-abi=softfp -mfpu=neon) to use arm_neon.h
 #error You must enable NEON instructions (e.g. -mfloat-abi=softfp -mfpu=neon) to use arm_neon.h
  ^
In file included from ../simd.h:5:0,
                 from ../main.c:19:
../simd_neon.h:8:10: error: unknown type name 'float32x4_t'
 typedef  float32x4_t  v4x3;
          ^
../simd_neon.h:9:10: error: unknown type name 'float32x2_t'
 typedef  float32x2_t  v2x3;
          ^
../main.c:67:18: error: unknown type name 'float32x4_t'
 void print2_simd(float32x4_t v4, float32x2_t v2){
                  ^
../main.c:67:34: error: unknown type name 'float32x2_t'
 void print2_simd(float32x4_t v4, float32x2_t v2){
                                  ^
../main.c:77:18: error: unknown type name 'float32x4_t'
 void print4_simd(float32x4_t v4, float32x4_t v2){
                  ^
../main.c:77:34: error: unknown type name 'float32x4_t'
 void print4_simd(float32x4_t v4, float32x4_t v2){
                                  ^
../main.c: In function '_main':
../main.c:98:3: warning: unused variable 'Layer4_Neurons_CPU' [-Wunused-variable]
   Layer4_Neurons_CPU[100];
   ^
../main.c:97:3: warning: unused variable 'Layer3_Neurons_CPU' [-Wunused-variable]
   Layer3_Neurons_CPU[50*5*5],
   ^
../main.c:96:3: warning: unused variable 'Layer2_Neurons_CPU' [-Wunused-variable]
   Layer2_Neurons_CPU[6*13*13],
   ^
../main.c:95:3: warning: unused variable 'Layer1_Neurons_CPU' [-Wunused-variable]
   Layer1_Neurons_CPU[IMGWIDTH*IMGHEIGHT],
   ^
In file included from ../simd.h:5:0,
                 from ../main.c:19:
../main.c: In function 'calculateLayer4_SIMD':
../simd_neon.h:15:26: warning: implicit declaration of function 'vdupq_n_f32' [-Wimplicit-function-declaration]
 #define v4x3_setall(a)   vdupq_n_f32(a)
                          ^
../main.c:424:14: note: in expansion of macro 'v4x3_setall'
   v4x3 sum = v4x3_setall(0);
              ^
../simd_neon.h:11:28: warning: implicit declaration of function 'vld1q_f32' [-Wimplicit-function-declaration]
 #define v4x3_load(tab, i)  vld1q_f32(&tab[i])
                            ^
../main.c:428:15: note: in expansion of macro 'v4x3_load'
    v4x3 l4w = v4x3_load(Layer3_Weights_CPU, i*(1+50*25)+1 + j);
               ^
../main.c:431:10: warning: implicit declaration of function 'vmlaq_f32' [-Wimplicit-function-declaration]
    sum = vmlaq_f32(sum, l4w, l4n);
          ^
../main.c:434:3: error: unknown type name 'float32x2_t'
   float32x2_t v1 = vadd_f32(vget_high_f32(sum), vget_low_f32(sum));
   ^
../main.c:434:20: warning: implicit declaration of function 'vadd_f32' [-Wimplicit-function-declaration]
   float32x2_t v1 = vadd_f32(vget_high_f32(sum), vget_low_f32(sum));
                    ^
../main.c:434:29: warning: implicit declaration of function 'vget_high_f32' [-Wimplicit-function-declaration]
   float32x2_t v1 = vadd_f32(vget_high_f32(sum), vget_low_f32(sum));
                             ^
../main.c:434:49: warning: implicit declaration of function 'vget_low_f32' [-Wimplicit-function-declaration]
   float32x2_t v1 = vadd_f32(vget_high_f32(sum), vget_low_f32(sum));
                                                 ^
../main.c:435:8: warning: implicit declaration of function 'vpadd_f32' [-Wimplicit-function-declaration]
   v1 = vpadd_f32(v1, v1);
        ^
In file included from ../simd.h:5:0,
                 from ../main.c:19:
../simd_neon.h:25:30: warning: implicit declaration of function 'vget_lane_f32' [-Wimplicit-function-declaration]
 #define v2x3_extract(a,imm)  vget_lane_f32(a, imm)
                              ^
../main.c:437:22: note: in expansion of macro 'v2x3_extract'
   afloat32 extract = v2x3_extract(v1, 0);
                      ^
../main.c: In function 'calculateLayer5_SIMD':
../simd_neon.h:24:30: warning: implicit declaration of function 'vgetq_lane_f32' [-Wimplicit-function-declaration]
 #define v4x3_extract(a,imm)  vgetq_lane_f32(a,imm)
                              ^
../main.c:464:22: note: in expansion of macro 'v4x3_extract'
   afloat32 extract = v4x3_extract(sum, 0);
                      ^
../main.c: In function 'calculateLayer4_SIMD_int':
../main.c:560:3: error: unknown type name 'float32x2_t'
   float32x2_t v1 = vadd_f32(vget_high_f32(sum), vget_low_f32(sum));
   ^
make: *** [main.o] Erreur 1
22:42:58 **** Build of project DeepLearningZynq_bsp ****
make -k all 
"Running Make include in ps7_cortexa9_0/libsrc/coresightps_dcc_v1_3/src"
make -C ps7_cortexa9_0/libsrc/coresightps_dcc_v1_3/src -s include  "SHELL=CMD" "COMPILER=arm-none-eabi-gcc" "ARCHIVER=arm-none-eabi-ar" "COMPILER_FLAGS=  -O2 -c" "EXTRA_COMPILER_FLAGS=-mcpu=cortex-a9 -mfpu=vfpv3 -mfloat-abi=hard -nostartfiles"
"Running Make include in ps7_cortexa9_0/libsrc/cpu_cortexa9_v2_3/src"
make -C ps7_cortexa9_0/libsrc/cpu_cortexa9_v2_3/src -s include  "SHELL=CMD" "COMPILER=arm-none-eabi-gcc" "ARCHIVER=arm-none-eabi-ar" "COMPILER_FLAGS=  -O2 -c" "EXTRA_COMPILER_FLAGS=-mcpu=cortex-a9 -mfpu=vfpv3 -mfloat-abi=hard -nostartfiles"
"Running Make include in ps7_cortexa9_0/libsrc/ddrps_v1_0/src"
make -C ps7_cortexa9_0/libsrc/ddrps_v1_0/src -s include  "SHELL=CMD" "COMPILER=arm-none-eabi-gcc" "ARCHIVER=arm-none-eabi-ar" "COMPILER_FLAGS=  -O2 -c" "EXTRA_COMPILER_FLAGS=-mcpu=cortex-a9 -mfpu=vfpv3 -mfloat-abi=hard -nostartfiles"
"Running Make include in ps7_cortexa9_0/libsrc/devcfg_v3_4/src"
make -C ps7_cortexa9_0/libsrc/devcfg_v3_4/src -s include  "SHELL=CMD" "COMPILER=arm-none-eabi-gcc" "ARCHIVER=arm-none-eabi-ar" "COMPILER_FLAGS=  -O2 -c" "EXTRA_COMPILER_FLAGS=-mcpu=cortex-a9 -mfpu=vfpv3 -mfloat-abi=hard -nostartfiles"
"Running Make include in ps7_cortexa9_0/libsrc/dmaps_v2_3/src"
make -C ps7_cortexa9_0/libsrc/dmaps_v2_3/src -s include  "SHELL=CMD" "COMPILER=arm-none-eabi-gcc" "ARCHIVER=arm-none-eabi-ar" "COMPILER_FLAGS=  -O2 -c" "EXTRA_COMPILER_FLAGS=-mcpu=cortex-a9 -mfpu=vfpv3 -mfloat-abi=hard -nostartfiles"
"Running Make include in ps7_cortexa9_0/libsrc/emacps_v3_3/src"
make -C ps7_cortexa9_0/libsrc/emacps_v3_3/src -s include  "SHELL=CMD" "COMPILER=arm-none-eabi-gcc" "ARCHIVER=arm-none-eabi-ar" "COMPILER_FLAGS=  -O2 -c" "EXTRA_COMPILER_FLAGS=-mcpu=cortex-a9 -mfpu=vfpv3 -mfloat-abi=hard -nostartfiles"
"Running Make include in ps7_cortexa9_0/libsrc/gpiops_v3_1/src"
make -C ps7_cortexa9_0/libsrc/gpiops_v3_1/src -s include  "SHELL=CMD" "COMPILER=arm-none-eabi-gcc" "ARCHIVER=arm-none-eabi-ar" "COMPILER_FLAGS=  -O2 -c" "EXTRA_COMPILER_FLAGS=-mcpu=cortex-a9 -mfpu=vfpv3 -mfloat-abi=hard -nostartfiles"
"Running Make include in ps7_cortexa9_0/libsrc/qspips_v3_3/src"
make -C ps7_cortexa9_0/libsrc/qspips_v3_3/src -s include  "SHELL=CMD" "COMPILER=arm-none-eabi-gcc" "ARCHIVER=arm-none-eabi-ar" "COMPILER_FLAGS=  -O2 -c" "EXTRA_COMPILER_FLAGS=-mcpu=cortex-a9 -mfpu=vfpv3 -mfloat-abi=hard -nostartfiles"
"Running Make include in ps7_cortexa9_0/libsrc/scugic_v3_5/src"
make -C ps7_cortexa9_0/libsrc/scugic_v3_5/src -s include  "SHELL=CMD" "COMPILER=arm-none-eabi-gcc" "ARCHIVER=arm-none-eabi-ar" "COMPILER_FLAGS=  -O2 -c" "EXTRA_COMPILER_FLAGS=-mcpu=cortex-a9 -mfpu=vfpv3 -mfloat-abi=hard -nostartfiles"
"Running Make include in ps7_cortexa9_0/libsrc/scutimer_v2_1/src"
make -C ps7_cortexa9_0/libsrc/scutimer_v2_1/src -s include  "SHELL=CMD" "COMPILER=arm-none-eabi-gcc" "ARCHIVER=arm-none-eabi-ar" "COMPILER_FLAGS=  -O2 -c" "EXTRA_COMPILER_FLAGS=-mcpu=cortex-a9 -mfpu=vfpv3 -mfloat-abi=hard -nostartfiles"
"Running Make include in ps7_cortexa9_0/libsrc/scuwdt_v2_1/src"
make -C ps7_cortexa9_0/libsrc/scuwdt_v2_1/src -s include  "SHELL=CMD" "COMPILER=arm-none-eabi-gcc" "ARCHIVER=arm-none-eabi-ar" "COMPILER_FLAGS=  -O2 -c" "EXTRA_COMPILER_FLAGS=-mcpu=cortex-a9 -mfpu=vfpv3 -mfloat-abi=hard -nostartfiles"
"Running Make include in ps7_cortexa9_0/libsrc/sdps_v3_1/src"
make -C ps7_cortexa9_0/libsrc/sdps_v3_1/src -s include  "SHELL=CMD" "COMPILER=arm-none-eabi-gcc" "ARCHIVER=arm-none-eabi-ar" "COMPILER_FLAGS=  -O2 -c" "EXTRA_COMPILER_FLAGS=-mcpu=cortex-a9 -mfpu=vfpv3 -mfloat-abi=hard -nostartfiles"
"Running Make include in ps7_cortexa9_0/libsrc/standalone_v6_1/src"
make -C ps7_cortexa9_0/libsrc/standalone_v6_1/src -s include  "SHELL=CMD" "COMPILER=arm-none-eabi-gcc" "ARCHIVER=arm-none-eabi-ar" "COMPILER_FLAGS=  -O2 -c" "EXTRA_COMPILER_FLAGS=-mcpu=cortex-a9 -mfpu=vfpv3 -mfloat-abi=hard -nostartfiles"
"Running Make include in ps7_cortexa9_0/libsrc/tmrctr_v4_2/src"
make -C ps7_cortexa9_0/libsrc/tmrctr_v4_2/src -s include  "SHELL=CMD" "COMPILER=arm-none-eabi-gcc" "ARCHIVER=arm-none-eabi-ar" "COMPILER_FLAGS=  -O2 -c" "EXTRA_COMPILER_FLAGS=-mcpu=cortex-a9 -mfpu=vfpv3 -mfloat-abi=hard -nostartfiles"
"Running Make include in ps7_cortexa9_0/libsrc/ttcps_v3_2/src"
make -C ps7_cortexa9_0/libsrc/ttcps_v3_2/src -s include  "SHELL=CMD" "COMPILER=arm-none-eabi-gcc" "ARCHIVER=arm-none-eabi-ar" "COMPILER_FLAGS=  -O2 -c" "EXTRA_COMPILER_FLAGS=-mcpu=cortex-a9 -mfpu=vfpv3 -mfloat-abi=hard -nostartfiles"
"Running Make include in ps7_cortexa9_0/libsrc/uartps_v3_3/src"
make -C ps7_cortexa9_0/libsrc/uartps_v3_3/src -s include  "SHELL=CMD" "COMPILER=arm-none-eabi-gcc" "ARCHIVER=arm-none-eabi-ar" "COMPILER_FLAGS=  -O2 -c" "EXTRA_COMPILER_FLAGS=-mcpu=cortex-a9 -mfpu=vfpv3 -mfloat-abi=hard -nostartfiles"
"Running Make include in ps7_cortexa9_0/libsrc/usbps_v2_4/src"
make -C ps7_cortexa9_0/libsrc/usbps_v2_4/src -s include  "SHELL=CMD" "COMPILER=arm-none-eabi-gcc" "ARCHIVER=arm-none-eabi-ar" "COMPILER_FLAGS=  -O2 -c" "EXTRA_COMPILER_FLAGS=-mcpu=cortex-a9 -mfpu=vfpv3 -mfloat-abi=hard -nostartfiles"
"Running Make include in ps7_cortexa9_0/libsrc/xadcps_v2_2/src"
make -C ps7_cortexa9_0/libsrc/xadcps_v2_2/src -s include  "SHELL=CMD" "COMPILER=arm-none-eabi-gcc" "ARCHIVER=arm-none-eabi-ar" "COMPILER_FLAGS=  -O2 -c" "EXTRA_COMPILER_FLAGS=-mcpu=cortex-a9 -mfpu=vfpv3 -mfloat-abi=hard -nostartfiles"
"Running Make libs in ps7_cortexa9_0/libsrc/coresightps_dcc_v1_3/src"
make -C ps7_cortexa9_0/libsrc/coresightps_dcc_v1_3/src -s libs  "SHELL=CMD" "COMPILER=arm-none-eabi-gcc" "ARCHIVER=arm-none-eabi-ar" "COMPILER_FLAGS=  -O2 -c" "EXTRA_COMPILER_FLAGS=-mcpu=cortex-a9 -mfpu=vfpv3 -mfloat-abi=hard -nostartfiles"
"Compiling coresightps_dcc"
"Running Make libs in ps7_cortexa9_0/libsrc/cpu_cortexa9_v2_3/src"
make -C ps7_cortexa9_0/libsrc/cpu_cortexa9_v2_3/src -s libs  "SHELL=CMD" "COMPILER=arm-none-eabi-gcc" "ARCHIVER=arm-none-eabi-ar" "COMPILER_FLAGS=  -O2 -c" "EXTRA_COMPILER_FLAGS=-mcpu=cortex-a9 -mfpu=vfpv3 -mfloat-abi=hard -nostartfiles"
"Compiling cpu_cortexa9"
"Running Make libs in ps7_cortexa9_0/libsrc/ddrps_v1_0/src"
make -C ps7_cortexa9_0/libsrc/ddrps_v1_0/src -s libs  "SHELL=CMD" "COMPILER=arm-none-eabi-gcc" "ARCHIVER=arm-none-eabi-ar" "COMPILER_FLAGS=  -O2 -c" "EXTRA_COMPILER_FLAGS=-mcpu=cortex-a9 -mfpu=vfpv3 -mfloat-abi=hard -nostartfiles"
"Compiling ddrps"
"Running Make libs in ps7_cortexa9_0/libsrc/devcfg_v3_4/src"
make -C ps7_cortexa9_0/libsrc/devcfg_v3_4/src -s libs  "SHELL=CMD" "COMPILER=arm-none-eabi-gcc" "ARCHIVER=arm-none-eabi-ar" "COMPILER_FLAGS=  -O2 -c" "EXTRA_COMPILER_FLAGS=-mcpu=cortex-a9 -mfpu=vfpv3 -mfloat-abi=hard -nostartfiles"
"Compiling devcfg"
"Running Make libs in ps7_cortexa9_0/libsrc/dmaps_v2_3/src"
make -C ps7_cortexa9_0/libsrc/dmaps_v2_3/src -s libs  "SHELL=CMD" "COMPILER=arm-none-eabi-gcc" "ARCHIVER=arm-none-eabi-ar" "COMPILER_FLAGS=  -O2 -c" "EXTRA_COMPILER_FLAGS=-mcpu=cortex-a9 -mfpu=vfpv3 -mfloat-abi=hard -nostartfiles"
"Compiling dmaps"
"Running Make libs in ps7_cortexa9_0/libsrc/emacps_v3_3/src"
make -C ps7_cortexa9_0/libsrc/emacps_v3_3/src -s libs  "SHELL=CMD" "COMPILER=arm-none-eabi-gcc" "ARCHIVER=arm-none-eabi-ar" "COMPILER_FLAGS=  -O2 -c" "EXTRA_COMPILER_FLAGS=-mcpu=cortex-a9 -mfpu=vfpv3 -mfloat-abi=hard -nostartfiles"
"Compiling emacps"
"Running Make libs in ps7_cortexa9_0/libsrc/gpiops_v3_1/src"
make -C ps7_cortexa9_0/libsrc/gpiops_v3_1/src -s libs  "SHELL=CMD" "COMPILER=arm-none-eabi-gcc" "ARCHIVER=arm-none-eabi-ar" "COMPILER_FLAGS=  -O2 -c" "EXTRA_COMPILER_FLAGS=-mcpu=cortex-a9 -mfpu=vfpv3 -mfloat-abi=hard -nostartfiles"
"Compiling gpiops"
"Running Make libs in ps7_cortexa9_0/libsrc/qspips_v3_3/src"
make -C ps7_cortexa9_0/libsrc/qspips_v3_3/src -s libs  "SHELL=CMD" "COMPILER=arm-none-eabi-gcc" "ARCHIVER=arm-none-eabi-ar" "COMPILER_FLAGS=  -O2 -c" "EXTRA_COMPILER_FLAGS=-mcpu=cortex-a9 -mfpu=vfpv3 -mfloat-abi=hard -nostartfiles"
"Compiling qspips"
"Running Make libs in ps7_cortexa9_0/libsrc/scugic_v3_5/src"
make -C ps7_cortexa9_0/libsrc/scugic_v3_5/src -s libs  "SHELL=CMD" "COMPILER=arm-none-eabi-gcc" "ARCHIVER=arm-none-eabi-ar" "COMPILER_FLAGS=  -O2 -c" "EXTRA_COMPILER_FLAGS=-mcpu=cortex-a9 -mfpu=vfpv3 -mfloat-abi=hard -nostartfiles"
"Compiling scugic"
"Running Make libs in ps7_cortexa9_0/libsrc/scutimer_v2_1/src"
make -C ps7_cortexa9_0/libsrc/scutimer_v2_1/src -s libs  "SHELL=CMD" "COMPILER=arm-none-eabi-gcc" "ARCHIVER=arm-none-eabi-ar" "COMPILER_FLAGS=  -O2 -c" "EXTRA_COMPILER_FLAGS=-mcpu=cortex-a9 -mfpu=vfpv3 -mfloat-abi=hard -nostartfiles"
"Compiling scutimer"
"Running Make libs in ps7_cortexa9_0/libsrc/scuwdt_v2_1/src"
make -C ps7_cortexa9_0/libsrc/scuwdt_v2_1/src -s libs  "SHELL=CMD" "COMPILER=arm-none-eabi-gcc" "ARCHIVER=arm-none-eabi-ar" "COMPILER_FLAGS=  -O2 -c" "EXTRA_COMPILER_FLAGS=-mcpu=cortex-a9 -mfpu=vfpv3 -mfloat-abi=hard -nostartfiles"
"Compiling scuwdt"
"Running Make libs in ps7_cortexa9_0/libsrc/sdps_v3_1/src"
make -C ps7_cortexa9_0/libsrc/sdps_v3_1/src -s libs  "SHELL=CMD" "COMPILER=arm-none-eabi-gcc" "ARCHIVER=arm-none-eabi-ar" "COMPILER_FLAGS=  -O2 -c" "EXTRA_COMPILER_FLAGS=-mcpu=cortex-a9 -mfpu=vfpv3 -mfloat-abi=hard -nostartfiles"
"Compiling sdps"
"Running Make libs in ps7_cortexa9_0/libsrc/standalone_v6_1/src"
make -C ps7_cortexa9_0/libsrc/standalone_v6_1/src -s libs  "SHELL=CMD" "COMPILER=arm-none-eabi-gcc" "ARCHIVER=arm-none-eabi-ar" "COMPILER_FLAGS=  -O2 -c" "EXTRA_COMPILER_FLAGS=-mcpu=cortex-a9 -mfpu=vfpv3 -mfloat-abi=hard -nostartfiles"
"Compiling standalone"
"Running Make libs in ps7_cortexa9_0/libsrc/tmrctr_v4_2/src"
make -C ps7_cortexa9_0/libsrc/tmrctr_v4_2/src -s libs  "SHELL=CMD" "COMPILER=arm-none-eabi-gcc" "ARCHIVER=arm-none-eabi-ar" "COMPILER_FLAGS=  -O2 -c" "EXTRA_COMPILER_FLAGS=-mcpu=cortex-a9 -mfpu=vfpv3 -mfloat-abi=hard -nostartfiles"
"Compiling tmrctr"
"Running Make libs in ps7_cortexa9_0/libsrc/ttcps_v3_2/src"
make -C ps7_cortexa9_0/libsrc/ttcps_v3_2/src -s libs  "SHELL=CMD" "COMPILER=arm-none-eabi-gcc" "ARCHIVER=arm-none-eabi-ar" "COMPILER_FLAGS=  -O2 -c" "EXTRA_COMPILER_FLAGS=-mcpu=cortex-a9 -mfpu=vfpv3 -mfloat-abi=hard -nostartfiles"
"Compiling ttcps"
"Running Make libs in ps7_cortexa9_0/libsrc/uartps_v3_3/src"
make -C ps7_cortexa9_0/libsrc/uartps_v3_3/src -s libs  "SHELL=CMD" "COMPILER=arm-none-eabi-gcc" "ARCHIVER=arm-none-eabi-ar" "COMPILER_FLAGS=  -O2 -c" "EXTRA_COMPILER_FLAGS=-mcpu=cortex-a9 -mfpu=vfpv3 -mfloat-abi=hard -nostartfiles"
"Compiling uartps"
"Running Make libs in ps7_cortexa9_0/libsrc/usbps_v2_4/src"
make -C ps7_cortexa9_0/libsrc/usbps_v2_4/src -s libs  "SHELL=CMD" "COMPILER=arm-none-eabi-gcc" "ARCHIVER=arm-none-eabi-ar" "COMPILER_FLAGS=  -O2 -c" "EXTRA_COMPILER_FLAGS=-mcpu=cortex-a9 -mfpu=vfpv3 -mfloat-abi=hard -nostartfiles"
"Compiling usbps"
"Running Make libs in ps7_cortexa9_0/libsrc/xadcps_v2_2/src"
make -C ps7_cortexa9_0/libsrc/xadcps_v2_2/src -s libs  "SHELL=CMD" "COMPILER=arm-none-eabi-gcc" "ARCHIVER=arm-none-eabi-ar" "COMPILER_FLAGS=  -O2 -c" "EXTRA_COMPILER_FLAGS=-mcpu=cortex-a9 -mfpu=vfpv3 -mfloat-abi=hard -nostartfiles"
"Compiling xadcps"
'Finished building libraries'
22:44:05 **** Auto Build of configuration Debug for project DeepLearningZynq ****
make pre-build main-build 
a9-linaro-pre-build-step
' '
'Building file: ../src/platform.c'
'Invoking: ARM v7 gcc compiler'
arm-none-eabi-gcc -Wall -O0 -g3 -c -fmessage-length=0 -MT"src/platform.o" -mcpu=cortex-a9 -mfpu=vfpv3 -mfloat-abi=hard -I../../DeepLearningZynq_bsp/ps7_cortexa9_0/include -MMD -MP -MF"src/platform.d" -MT"src/platform.o" -o "src/platform.o" "../src/platform.c"
'Finished building: ../src/platform.c'
' '
'Building file: ../main.c'
'Invoking: ARM v7 gcc compiler'
arm-none-eabi-gcc -Wall -O0 -g3 -c -fmessage-length=0 -MT"main.o" -mcpu=cortex-a9 -mfpu=vfpv3 -mfloat-abi=hard -I../../DeepLearningZynq_bsp/ps7_cortexa9_0/include -MMD -MP -MF"main.d" -MT"main.o" -o "main.o" "../main.c"
In file included from ../simd_neon.h:6:0,
                 from ../simd.h:5,
                 from ../main.c:19:
d:\sdk\2016.4\gnu\aarch32\nt\gcc-arm-none-eabi\lib\gcc\arm-none-eabi\5.2.1\include\arm_neon.h:31:2: error: #error You must enable NEON instructions (e.g. -mfloat-abi=softfp -mfpu=neon) to use arm_neon.h
 #error You must enable NEON instructions (e.g. -mfloat-abi=softfp -mfpu=neon) to use arm_neon.h
  ^
In file included from ../simd.h:5:0,
                 from ../main.c:19:
../simd_neon.h:8:10: error: unknown type name 'float32x4_t'
 typedef  float32x4_t  v4x3;
          ^
../simd_neon.h:9:10: error: unknown type name 'float32x2_t'
 typedef  float32x2_t  v2x3;
          ^
../main.c:67:18: error: unknown type name 'float32x4_t'
 void print2_simd(float32x4_t v4, float32x2_t v2){
                  ^
../main.c:67:34: error: unknown type name 'float32x2_t'
 void print2_simd(float32x4_t v4, float32x2_t v2){
                                  ^
../main.c:77:18: error: unknown type name 'float32x4_t'
 void print4_simd(float32x4_t v4, float32x4_t v2){
                  ^
../main.c:77:34: error: unknown type name 'float32x4_t'
 void print4_simd(float32x4_t v4, float32x4_t v2){
                                  ^
../main.c: In function '_main':
../main.c:98:3: warning: unused variable 'Layer4_Neurons_CPU' [-Wunused-variable]
   Layer4_Neurons_CPU[100];
   ^
../main.c:97:3: warning: unused variable 'Layer3_Neurons_CPU' [-Wunused-variable]
   Layer3_Neurons_CPU[50*5*5],
   ^
../main.c:96:3: warning: unused variable 'Layer2_Neurons_CPU' [-Wunused-variable]
   Layer2_Neurons_CPU[6*13*13],
   ^
../main.c:95:3: warning: unused variable 'Layer1_Neurons_CPU' [-Wunused-variable]
   Layer1_Neurons_CPU[IMGWIDTH*IMGHEIGHT],
   ^
In file included from ../simd.h:5:0,
                 from ../main.c:19:
../main.c: In function 'calculateLayer4_SIMD':
../simd_neon.h:15:26: warning: implicit declaration of function 'vdupq_n_f32' [-Wimplicit-function-declaration]
 #define v4x3_setall(a)   vdupq_n_f32(a)
                          ^
../main.c:424:14: note: in expansion of macro 'v4x3_setall'
   v4x3 sum = v4x3_setall(0);
              ^
../simd_neon.h:11:28: warning: implicit declaration of function 'vld1q_f32' [-Wimplicit-function-declaration]
 #define v4x3_load(tab, i)  vld1q_f32(&tab[i])
                            ^
../main.c:428:15: note: in expansion of macro 'v4x3_load'
    v4x3 l4w = v4x3_load(Layer3_Weights_CPU, i*(1+50*25)+1 + j);
               ^
../main.c:431:10: warning: implicit declaration of function 'vmlaq_f32' [-Wimplicit-function-declaration]
    sum = vmlaq_f32(sum, l4w, l4n);
          ^
../main.c:434:3: error: unknown type name 'float32x2_t'
   float32x2_t v1 = vadd_f32(vget_high_f32(sum), vget_low_f32(sum));
   ^
../main.c:434:20: warning: implicit declaration of function 'vadd_f32' [-Wimplicit-function-declaration]
   float32x2_t v1 = vadd_f32(vget_high_f32(sum), vget_low_f32(sum));
                    ^
../main.c:434:29: warning: implicit declaration of function 'vget_high_f32' [-Wimplicit-function-declaration]
   float32x2_t v1 = vadd_f32(vget_high_f32(sum), vget_low_f32(sum));
                             ^
../main.c:434:49: warning: implicit declaration of function 'vget_low_f32' [-Wimplicit-function-declaration]
   float32x2_t v1 = vadd_f32(vget_high_f32(sum), vget_low_f32(sum));
                                                 ^
../main.c:435:8: warning: implicit declaration of function 'vpadd_f32' [-Wimplicit-function-declaration]
   v1 = vpadd_f32(v1, v1);
        ^
In file included from ../simd.h:5:0,
                 from ../main.c:19:
../simd_neon.h:25:30: warning: implicit declaration of function 'vget_lane_f32' [-Wimplicit-function-declaration]
 #define v2x3_extract(a,imm)  vget_lane_f32(a, imm)
                              ^
../main.c:437:22: note: in expansion of macro 'v2x3_extract'
   afloat32 extract = v2x3_extract(v1, 0);
                      ^
../main.c: In function 'calculateLayer5_SIMD':
../simd_neon.h:24:30: warning: implicit declaration of function 'vgetq_lane_f32' [-Wimplicit-function-declaration]
 #define v4x3_extract(a,imm)  vgetq_lane_f32(a,imm)
                              ^
../main.c:464:22: note: in expansion of macro 'v4x3_extract'
   afloat32 extract = v4x3_extract(sum, 0);
                      ^
../main.c: In function 'calculateLayer4_SIMD_int':
../main.c:560:3: error: unknown type name 'float32x2_t'
   float32x2_t v1 = vadd_f32(vget_high_f32(sum), vget_low_f32(sum));
   ^
make: *** [main.o] Erreur 1
22:47:36 **** Clean-only build of configuration Debug for project DeepLearningZynq ****
make clean 
rm -rf  ./src/platform.o  ./fonctions_ES.o ./main.o ./timers_b.o  ./src/platform.d  ./fonctions_ES.d ./main.d ./timers_b.d  DeepLearningZynq.elf.size  DeepLearningZynq.elf
' '
22:47:36 **** Auto Build of configuration Debug for project DeepLearningZynq ****
make pre-build main-build 
a9-linaro-pre-build-step
' '
'Building file: ../src/platform.c'
'Invoking: ARM v7 gcc compiler'
arm-none-eabi-gcc -Wall -O0 -g3 -c -fmessage-length=0 -MT"src/platform.o" -mcpu=cortex-a9 -mfpu=neon -mfloat-abi=hard -I../../DeepLearningZynq_bsp/ps7_cortexa9_0/include -MMD -MP -MF"src/platform.d" -MT"src/platform.o" -o "src/platform.o" "../src/platform.c"
'Finished building: ../src/platform.c'
' '
'Building file: ../fonctions_ES.c'
'Invoking: ARM v7 gcc compiler'
arm-none-eabi-gcc -Wall -O0 -g3 -c -fmessage-length=0 -MT"fonctions_ES.o" -mcpu=cortex-a9 -mfpu=neon -mfloat-abi=hard -I../../DeepLearningZynq_bsp/ps7_cortexa9_0/include -MMD -MP -MF"fonctions_ES.d" -MT"fonctions_ES.o" -o "fonctions_ES.o" "../fonctions_ES.c"
'Finished building: ../fonctions_ES.c'
' '
'Building file: ../main.c'
'Invoking: ARM v7 gcc compiler'
arm-none-eabi-gcc -Wall -O0 -g3 -c -fmessage-length=0 -MT"main.o" -mcpu=cortex-a9 -mfpu=neon -mfloat-abi=hard -I../../DeepLearningZynq_bsp/ps7_cortexa9_0/include -MMD -MP -MF"main.d" -MT"main.o" -o "main.o" "../main.c"
../main.c: In function '_main':
../main.c:98:3: warning: unused variable 'Layer4_Neurons_CPU' [-Wunused-variable]
   Layer4_Neurons_CPU[100];
   ^
../main.c:97:3: warning: unused variable 'Layer3_Neurons_CPU' [-Wunused-variable]
   Layer3_Neurons_CPU[50*5*5],
   ^
../main.c:96:3: warning: unused variable 'Layer2_Neurons_CPU' [-Wunused-variable]
   Layer2_Neurons_CPU[6*13*13],
   ^
../main.c:95:3: warning: unused variable 'Layer1_Neurons_CPU' [-Wunused-variable]
   Layer1_Neurons_CPU[IMGWIDTH*IMGHEIGHT],
   ^
In file included from ../simd.h:5:0,
                 from ../main.c:19:
../main.c: In function 'calculateLayer4_SIMD_int':
../simd_neon.h:11:38: warning: passing argument 1 of 'vld1q_f32' from incompatible pointer type [-Wincompatible-pointer-types]
 #define v4x3_load(tab, i)  vld1q_f32(&tab[i])
                                      ^
../main.c:554:15: note: in expansion of macro 'v4x3_load'
    v4x3 l4w = v4x3_load(Layer3_Weights_CPU, i*(1+50*25)+1 + j);
               ^
In file included from ../simd_neon.h:6:0,
                 from ../simd.h:5,
                 from ../main.c:19:
d:\sdk\2016.4\gnu\aarch32\nt\gcc-arm-none-eabi\lib\gcc\arm-none-eabi\5.2.1\include\arm_neon.h:8740:1: note: expected 'const float32_t * {aka const float *}' but argument is of type 'uint16_t * {aka short unsigned int *}'
 vld1q_f32 (const float32_t * __a)
 ^
In file included from ../simd.h:5:0,
                 from ../main.c:19:
../simd_neon.h:11:38: warning: passing argument 1 of 'vld1q_f32' from incompatible pointer type [-Wincompatible-pointer-types]
 #define v4x3_load(tab, i)  vld1q_f32(&tab[i])
                                      ^
../main.c:555:15: note: in expansion of macro 'v4x3_load'
    v4x3 l4n = v4x3_load(Layer3_Neurons_CPU, j );
               ^
In file included from ../simd_neon.h:6:0,
                 from ../simd.h:5,
                 from ../main.c:19:
d:\sdk\2016.4\gnu\aarch32\nt\gcc-arm-none-eabi\lib\gcc\arm-none-eabi\5.2.1\include\arm_neon.h:8740:1: note: expected 'const float32_t * {aka const float *}' but argument is of type 'uint16_t * {aka short unsigned int *}'
 vld1q_f32 (const float32_t * __a)
 ^
In file included from ../simd.h:5:0,
                 from ../main.c:19:
../main.c: In function 'calculateLayer5_SIMD_int':
../simd_neon.h:11:38: warning: passing argument 1 of 'vld1q_f32' from incompatible pointer type [-Wincompatible-pointer-types]
 #define v4x3_load(tab, i)  vld1q_f32(&tab[i])
                                      ^
../main.c:584:15: note: in expansion of macro 'v4x3_load'
    v4x3 l4w = v4x3_load(Layer4_Weights_CPU, 1+101*i+j);
               ^
In file included from ../simd_neon.h:6:0,
                 from ../simd.h:5,
                 from ../main.c:19:
d:\sdk\2016.4\gnu\aarch32\nt\gcc-arm-none-eabi\lib\gcc\arm-none-eabi\5.2.1\include\arm_neon.h:8740:1: note: expected 'const float32_t * {aka const float *}' but argument is of type 'uint16_t * {aka short unsigned int *}'
 vld1q_f32 (const float32_t * __a)
 ^
In file included from ../simd.h:5:0,
                 from ../main.c:19:
../simd_neon.h:11:38: warning: passing argument 1 of 'vld1q_f32' from incompatible pointer type [-Wincompatible-pointer-types]
 #define v4x3_load(tab, i)  vld1q_f32(&tab[i])
                                      ^
../main.c:585:15: note: in expansion of macro 'v4x3_load'
    v4x3 l4n = v4x3_load(Layer4_Neurons_CPU, j );
               ^
In file included from ../simd_neon.h:6:0,
                 from ../simd.h:5,
                 from ../main.c:19:
d:\sdk\2016.4\gnu\aarch32\nt\gcc-arm-none-eabi\lib\gcc\arm-none-eabi\5.2.1\include\arm_neon.h:8740:1: note: expected 'const float32_t * {aka const float *}' but argument is of type 'uint16_t * {aka short unsigned int *}'
 vld1q_f32 (const float32_t * __a)
 ^
'Finished building: ../main.c'
' '
'Building file: ../timers_b.c'
'Invoking: ARM v7 gcc compiler'
arm-none-eabi-gcc -Wall -O0 -g3 -c -fmessage-length=0 -MT"timers_b.o" -mcpu=cortex-a9 -mfpu=neon -mfloat-abi=hard -I../../DeepLearningZynq_bsp/ps7_cortexa9_0/include -MMD -MP -MF"timers_b.d" -MT"timers_b.o" -o "timers_b.o" "../timers_b.c"
'Finished building: ../timers_b.c'
' '
'Building target: DeepLearningZynq.elf'
'Invoking: ARM v7 gcc linker'
arm-none-eabi-gcc -mcpu=cortex-a9 -mfpu=vfpv3 -mfloat-abi=hard -Wl,-build-id=none -specs=Xilinx.spec -Wl,-T -Wl,../src/lscript.ld -L../../DeepLearningZynq_bsp/ps7_cortexa9_0/lib -o "DeepLearningZynq.elf"  ./src/platform.o  ./fonctions_ES.o ./main.o ./timers_b.o   -lm -lm -Wl,--start-group,-lxil,-lgcc,-lc,--end-group
'Finished building target: DeepLearningZynq.elf'
' '
'Invoking: ARM v7 Print Size'
arm-none-eabi-size DeepLearningZynq.elf  |tee "DeepLearningZynq.elf.size"
   text	   data	    bss	    dec	    hex	filename
 101284	 806980	  23328	 931592	  e3708	DeepLearningZynq.elf
'Finished building: DeepLearningZynq.elf.size'
' '
22:47:47 **** Clean-only build of configuration Debug for project DeepLearningZynq ****
make clean 
rm -rf  ./src/platform.o  ./fonctions_ES.o ./main.o ./timers_b.o  ./src/platform.d  ./fonctions_ES.d ./main.d ./timers_b.d  DeepLearningZynq.elf.size  DeepLearningZynq.elf
' '
22:47:47 **** Auto Build of configuration Debug for project DeepLearningZynq ****
make pre-build main-build 
a9-linaro-pre-build-step
' '
'Building file: ../src/platform.c'
'Invoking: ARM v7 gcc compiler'
arm-none-eabi-gcc -Wall -O0 -g3 -c -fmessage-length=0 -MT"src/platform.o" -mcpu=cortex-a9 -mfpu=neon -mfloat-abi=hard -I../../DeepLearningZynq_bsp/ps7_cortexa9_0/include -MMD -MP -MF"src/platform.d" -MT"src/platform.o" -o "src/platform.o" "../src/platform.c"
'Finished building: ../src/platform.c'
' '
'Building file: ../fonctions_ES.c'
'Invoking: ARM v7 gcc compiler'
arm-none-eabi-gcc -Wall -O0 -g3 -c -fmessage-length=0 -MT"fonctions_ES.o" -mcpu=cortex-a9 -mfpu=neon -mfloat-abi=hard -I../../DeepLearningZynq_bsp/ps7_cortexa9_0/include -MMD -MP -MF"fonctions_ES.d" -MT"fonctions_ES.o" -o "fonctions_ES.o" "../fonctions_ES.c"
'Finished building: ../fonctions_ES.c'
' '
'Building file: ../main.c'
'Invoking: ARM v7 gcc compiler'
arm-none-eabi-gcc -Wall -O0 -g3 -c -fmessage-length=0 -MT"main.o" -mcpu=cortex-a9 -mfpu=neon -mfloat-abi=hard -I../../DeepLearningZynq_bsp/ps7_cortexa9_0/include -MMD -MP -MF"main.d" -MT"main.o" -o "main.o" "../main.c"
../main.c: In function '_main':
../main.c:98:3: warning: unused variable 'Layer4_Neurons_CPU' [-Wunused-variable]
   Layer4_Neurons_CPU[100];
   ^
../main.c:97:3: warning: unused variable 'Layer3_Neurons_CPU' [-Wunused-variable]
   Layer3_Neurons_CPU[50*5*5],
   ^
../main.c:96:3: warning: unused variable 'Layer2_Neurons_CPU' [-Wunused-variable]
   Layer2_Neurons_CPU[6*13*13],
   ^
../main.c:95:3: warning: unused variable 'Layer1_Neurons_CPU' [-Wunused-variable]
   Layer1_Neurons_CPU[IMGWIDTH*IMGHEIGHT],
   ^
In file included from ../simd.h:5:0,
                 from ../main.c:19:
../main.c: In function 'calculateLayer4_SIMD_int':
../simd_neon.h:11:38: warning: passing argument 1 of 'vld1q_f32' from incompatible pointer type [-Wincompatible-pointer-types]
 #define v4x3_load(tab, i)  vld1q_f32(&tab[i])
                                      ^
../main.c:554:15: note: in expansion of macro 'v4x3_load'
    v4x3 l4w = v4x3_load(Layer3_Weights_CPU, i*(1+50*25)+1 + j);
               ^
In file included from ../simd_neon.h:6:0,
                 from ../simd.h:5,
                 from ../main.c:19:
d:\sdk\2016.4\gnu\aarch32\nt\gcc-arm-none-eabi\lib\gcc\arm-none-eabi\5.2.1\include\arm_neon.h:8740:1: note: expected 'const float32_t * {aka const float *}' but argument is of type 'uint16_t * {aka short unsigned int *}'
 vld1q_f32 (const float32_t * __a)
 ^
In file included from ../simd.h:5:0,
                 from ../main.c:19:
../simd_neon.h:11:38: warning: passing argument 1 of 'vld1q_f32' from incompatible pointer type [-Wincompatible-pointer-types]
 #define v4x3_load(tab, i)  vld1q_f32(&tab[i])
                                      ^
../main.c:555:15: note: in expansion of macro 'v4x3_load'
    v4x3 l4n = v4x3_load(Layer3_Neurons_CPU, j );
               ^
In file included from ../simd_neon.h:6:0,
                 from ../simd.h:5,
                 from ../main.c:19:
d:\sdk\2016.4\gnu\aarch32\nt\gcc-arm-none-eabi\lib\gcc\arm-none-eabi\5.2.1\include\arm_neon.h:8740:1: note: expected 'const float32_t * {aka const float *}' but argument is of type 'uint16_t * {aka short unsigned int *}'
 vld1q_f32 (const float32_t * __a)
 ^
In file included from ../simd.h:5:0,
                 from ../main.c:19:
../main.c: In function 'calculateLayer5_SIMD_int':
../simd_neon.h:11:38: warning: passing argument 1 of 'vld1q_f32' from incompatible pointer type [-Wincompatible-pointer-types]
 #define v4x3_load(tab, i)  vld1q_f32(&tab[i])
                                      ^
../main.c:584:15: note: in expansion of macro 'v4x3_load'
    v4x3 l4w = v4x3_load(Layer4_Weights_CPU, 1+101*i+j);
               ^
In file included from ../simd_neon.h:6:0,
                 from ../simd.h:5,
                 from ../main.c:19:
d:\sdk\2016.4\gnu\aarch32\nt\gcc-arm-none-eabi\lib\gcc\arm-none-eabi\5.2.1\include\arm_neon.h:8740:1: note: expected 'const float32_t * {aka const float *}' but argument is of type 'uint16_t * {aka short unsigned int *}'
 vld1q_f32 (const float32_t * __a)
 ^
In file included from ../simd.h:5:0,
                 from ../main.c:19:
../simd_neon.h:11:38: warning: passing argument 1 of 'vld1q_f32' from incompatible pointer type [-Wincompatible-pointer-types]
 #define v4x3_load(tab, i)  vld1q_f32(&tab[i])
                                      ^
../main.c:585:15: note: in expansion of macro 'v4x3_load'
    v4x3 l4n = v4x3_load(Layer4_Neurons_CPU, j );
               ^
In file included from ../simd_neon.h:6:0,
                 from ../simd.h:5,
                 from ../main.c:19:
d:\sdk\2016.4\gnu\aarch32\nt\gcc-arm-none-eabi\lib\gcc\arm-none-eabi\5.2.1\include\arm_neon.h:8740:1: note: expected 'const float32_t * {aka const float *}' but argument is of type 'uint16_t * {aka short unsigned int *}'
 vld1q_f32 (const float32_t * __a)
 ^
'Finished building: ../main.c'
' '
'Building file: ../timers_b.c'
'Invoking: ARM v7 gcc compiler'
arm-none-eabi-gcc -Wall -O0 -g3 -c -fmessage-length=0 -MT"timers_b.o" -mcpu=cortex-a9 -mfpu=neon -mfloat-abi=hard -I../../DeepLearningZynq_bsp/ps7_cortexa9_0/include -MMD -MP -MF"timers_b.d" -MT"timers_b.o" -o "timers_b.o" "../timers_b.c"
'Finished building: ../timers_b.c'
' '
'Building target: DeepLearningZynq.elf'
'Invoking: ARM v7 gcc linker'
arm-none-eabi-gcc -mcpu=cortex-a9 -mfpu=neon -mfloat-abi=hard -Wl,-build-id=none -specs=Xilinx.spec -Wl,-T -Wl,../src/lscript.ld -L../../DeepLearningZynq_bsp/ps7_cortexa9_0/lib -o "DeepLearningZynq.elf"  ./src/platform.o  ./fonctions_ES.o ./main.o ./timers_b.o   -lm -lm -Wl,--start-group,-lxil,-lgcc,-lc,--end-group
'Finished building target: DeepLearningZynq.elf'
' '
'Invoking: ARM v7 Print Size'
arm-none-eabi-size DeepLearningZynq.elf  |tee "DeepLearningZynq.elf.size"
   text	   data	    bss	    dec	    hex	filename
 100904	 806980	  23328	 931212	  e358c	DeepLearningZynq.elf
'Finished building: DeepLearningZynq.elf.size'
' '
22:48:07 **** Clean-only build of configuration Debug for project DeepLearningZynq ****
make clean 
rm -rf  ./src/platform.o  ./fonctions_ES.o ./main.o ./timers_b.o  ./src/platform.d  ./fonctions_ES.d ./main.d ./timers_b.d  DeepLearningZynq.elf.size  DeepLearningZynq.elf
' '
22:48:07 **** Auto Build of configuration Debug for project DeepLearningZynq ****
make pre-build main-build 
a9-linaro-pre-build-step
' '
'Building file: ../src/platform.c'
'Invoking: ARM v7 gcc compiler'
arm-none-eabi-gcc -Wall -O0 -g3 -c -fmessage-length=0 -MT"src/platform.o" -mcpu=cortex-a9 -mfpu=neon -mfloat-abi=hard -I../../DeepLearningZynq_bsp/ps7_cortexa9_0/include -MMD -MP -MF"src/platform.d" -MT"src/platform.o" -o "src/platform.o" "../src/platform.c"
'Finished building: ../src/platform.c'
' '
'Building file: ../fonctions_ES.c'
'Invoking: ARM v7 gcc compiler'
arm-none-eabi-gcc -Wall -O0 -g3 -c -fmessage-length=0 -MT"fonctions_ES.o" -mcpu=cortex-a9 -mfpu=neon -mfloat-abi=hard -I../../DeepLearningZynq_bsp/ps7_cortexa9_0/include -MMD -MP -MF"fonctions_ES.d" -MT"fonctions_ES.o" -o "fonctions_ES.o" "../fonctions_ES.c"
'Finished building: ../fonctions_ES.c'
' '
'Building file: ../main.c'
'Invoking: ARM v7 gcc compiler'
arm-none-eabi-gcc -Wall -O0 -g3 -c -fmessage-length=0 -MT"main.o" -mcpu=cortex-a9 -mfpu=neon -mfloat-abi=hard -I../../DeepLearningZynq_bsp/ps7_cortexa9_0/include -MMD -MP -MF"main.d" -MT"main.o" -o "main.o" "../main.c"
../main.c: In function '_main':
../main.c:98:3: warning: unused variable 'Layer4_Neurons_CPU' [-Wunused-variable]
   Layer4_Neurons_CPU[100];
   ^
../main.c:97:3: warning: unused variable 'Layer3_Neurons_CPU' [-Wunused-variable]
   Layer3_Neurons_CPU[50*5*5],
   ^
../main.c:96:3: warning: unused variable 'Layer2_Neurons_CPU' [-Wunused-variable]
   Layer2_Neurons_CPU[6*13*13],
   ^
../main.c:95:3: warning: unused variable 'Layer1_Neurons_CPU' [-Wunused-variable]
   Layer1_Neurons_CPU[IMGWIDTH*IMGHEIGHT],
   ^
In file included from ../simd.h:5:0,
                 from ../main.c:19:
../main.c: In function 'calculateLayer4_SIMD_int':
../simd_neon.h:11:38: warning: passing argument 1 of 'vld1q_f32' from incompatible pointer type [-Wincompatible-pointer-types]
 #define v4x3_load(tab, i)  vld1q_f32(&tab[i])
                                      ^
../main.c:554:15: note: in expansion of macro 'v4x3_load'
    v4x3 l4w = v4x3_load(Layer3_Weights_CPU, i*(1+50*25)+1 + j);
               ^
In file included from ../simd_neon.h:6:0,
                 from ../simd.h:5,
                 from ../main.c:19:
d:\sdk\2016.4\gnu\aarch32\nt\gcc-arm-none-eabi\lib\gcc\arm-none-eabi\5.2.1\include\arm_neon.h:8740:1: note: expected 'const float32_t * {aka const float *}' but argument is of type 'uint16_t * {aka short unsigned int *}'
 vld1q_f32 (const float32_t * __a)
 ^
In file included from ../simd.h:5:0,
                 from ../main.c:19:
../simd_neon.h:11:38: warning: passing argument 1 of 'vld1q_f32' from incompatible pointer type [-Wincompatible-pointer-types]
 #define v4x3_load(tab, i)  vld1q_f32(&tab[i])
                                      ^
../main.c:555:15: note: in expansion of macro 'v4x3_load'
    v4x3 l4n = v4x3_load(Layer3_Neurons_CPU, j );
               ^
In file included from ../simd_neon.h:6:0,
                 from ../simd.h:5,
                 from ../main.c:19:
d:\sdk\2016.4\gnu\aarch32\nt\gcc-arm-none-eabi\lib\gcc\arm-none-eabi\5.2.1\include\arm_neon.h:8740:1: note: expected 'const float32_t * {aka const float *}' but argument is of type 'uint16_t * {aka short unsigned int *}'
 vld1q_f32 (const float32_t * __a)
 ^
In file included from ../simd.h:5:0,
                 from ../main.c:19:
../main.c: In function 'calculateLayer5_SIMD_int':
../simd_neon.h:11:38: warning: passing argument 1 of 'vld1q_f32' from incompatible pointer type [-Wincompatible-pointer-types]
 #define v4x3_load(tab, i)  vld1q_f32(&tab[i])
                                      ^
../main.c:584:15: note: in expansion of macro 'v4x3_load'
    v4x3 l4w = v4x3_load(Layer4_Weights_CPU, 1+101*i+j);
               ^
In file included from ../simd_neon.h:6:0,
                 from ../simd.h:5,
                 from ../main.c:19:
d:\sdk\2016.4\gnu\aarch32\nt\gcc-arm-none-eabi\lib\gcc\arm-none-eabi\5.2.1\include\arm_neon.h:8740:1: note: expected 'const float32_t * {aka const float *}' but argument is of type 'uint16_t * {aka short unsigned int *}'
 vld1q_f32 (const float32_t * __a)
 ^
In file included from ../simd.h:5:0,
                 from ../main.c:19:
../simd_neon.h:11:38: warning: passing argument 1 of 'vld1q_f32' from incompatible pointer type [-Wincompatible-pointer-types]
 #define v4x3_load(tab, i)  vld1q_f32(&tab[i])
                                      ^
../main.c:585:15: note: in expansion of macro 'v4x3_load'
    v4x3 l4n = v4x3_load(Layer4_Neurons_CPU, j );
               ^
In file included from ../simd_neon.h:6:0,
                 from ../simd.h:5,
                 from ../main.c:19:
d:\sdk\2016.4\gnu\aarch32\nt\gcc-arm-none-eabi\lib\gcc\arm-none-eabi\5.2.1\include\arm_neon.h:8740:1: note: expected 'const float32_t * {aka const float *}' but argument is of type 'uint16_t * {aka short unsigned int *}'
 vld1q_f32 (const float32_t * __a)
 ^
'Finished building: ../main.c'
' '
'Building file: ../timers_b.c'
'Invoking: ARM v7 gcc compiler'
arm-none-eabi-gcc -Wall -O0 -g3 -c -fmessage-length=0 -MT"timers_b.o" -mcpu=cortex-a9 -mfpu=neon -mfloat-abi=hard -I../../DeepLearningZynq_bsp/ps7_cortexa9_0/include -MMD -MP -MF"timers_b.d" -MT"timers_b.o" -o "timers_b.o" "../timers_b.c"
'Finished building: ../timers_b.c'
' '
'Building target: DeepLearningZynq.elf'
'Invoking: ARM v7 gcc linker'
arm-none-eabi-gcc -mcpu=cortex-a9 -mfpu=neon -mfloat-abi=hard -Wl,-build-id=none -specs=Xilinx.spec -Wl,-T -Wl,../src/lscript.ld -L../../DeepLearningZynq_bsp/ps7_cortexa9_0/lib -o "DeepLearningZynq.elf"  ./src/platform.o  ./fonctions_ES.o ./main.o ./timers_b.o   -lm -lm -Wl,--start-group,-lxil,-lgcc,-lc,--end-group
'Finished building target: DeepLearningZynq.elf'
' '
'Invoking: ARM v7 Print Size'
arm-none-eabi-size DeepLearningZynq.elf  |tee "DeepLearningZynq.elf.size"
   text	   data	    bss	    dec	    hex	filename
 100904	 806980	  23328	 931212	  e358c	DeepLearningZynq.elf
'Finished building: DeepLearningZynq.elf.size'
' '
22:48:37 **** Auto Build of configuration Debug for project DeepLearningZynq ****
make pre-build main-build 
a9-linaro-pre-build-step
' '
'Building file: ../main.c'
'Invoking: ARM v7 gcc compiler'
arm-none-eabi-gcc -Wall -O0 -g3 -c -fmessage-length=0 -MT"main.o" -mcpu=cortex-a9 -mfpu=neon -mfloat-abi=hard -I../../DeepLearningZynq_bsp/ps7_cortexa9_0/include -MMD -MP -MF"main.d" -MT"main.o" -o "main.o" "../main.c"
../main.c: In function '_main':
../main.c:98:3: warning: unused variable 'Layer4_Neurons_CPU' [-Wunused-variable]
   Layer4_Neurons_CPU[100];
   ^
../main.c:97:3: warning: unused variable 'Layer3_Neurons_CPU' [-Wunused-variable]
   Layer3_Neurons_CPU[50*5*5],
   ^
../main.c:96:3: warning: unused variable 'Layer2_Neurons_CPU' [-Wunused-variable]
   Layer2_Neurons_CPU[6*13*13],
   ^
../main.c:95:3: warning: unused variable 'Layer1_Neurons_CPU' [-Wunused-variable]
   Layer1_Neurons_CPU[IMGWIDTH*IMGHEIGHT],
   ^
In file included from ../simd.h:5:0,
                 from ../main.c:19:
../main.c: In function 'calculateLayer4_SIMD':
../simd_neon.h:11:38: warning: passing argument 1 of 'vld1q_f32' from incompatible pointer type [-Wincompatible-pointer-types]
 #define v4x3_load(tab, i)  vld1q_f32((float32x4_t*)&tab[i])
                                      ^
../main.c:428:15: note: in expansion of macro 'v4x3_load'
    v4x3 l4w = v4x3_load(Layer3_Weights_CPU, i*(1+50*25)+1 + j);
               ^
In file included from ../simd_neon.h:6:0,
                 from ../simd.h:5,
                 from ../main.c:19:
d:\sdk\2016.4\gnu\aarch32\nt\gcc-arm-none-eabi\lib\gcc\arm-none-eabi\5.2.1\include\arm_neon.h:8740:1: note: expected 'const float32_t * {aka const float *}' but argument is of type '__vector(4) float *'
 vld1q_f32 (const float32_t * __a)
 ^
In file included from ../simd.h:5:0,
                 from ../main.c:19:
../simd_neon.h:11:38: warning: passing argument 1 of 'vld1q_f32' from incompatible pointer type [-Wincompatible-pointer-types]
 #define v4x3_load(tab, i)  vld1q_f32((float32x4_t*)&tab[i])
                                      ^
../main.c:429:15: note: in expansion of macro 'v4x3_load'
    v4x3 l4n = v4x3_load(Layer3_Neurons_CPU, j );
               ^
In file included from ../simd_neon.h:6:0,
                 from ../simd.h:5,
                 from ../main.c:19:
d:\sdk\2016.4\gnu\aarch32\nt\gcc-arm-none-eabi\lib\gcc\arm-none-eabi\5.2.1\include\arm_neon.h:8740:1: note: expected 'const float32_t * {aka const float *}' but argument is of type '__vector(4) float *'
 vld1q_f32 (const float32_t * __a)
 ^
In file included from ../simd.h:5:0,
                 from ../main.c:19:
../main.c: In function 'calculateLayer5_SIMD':
../simd_neon.h:11:38: warning: passing argument 1 of 'vld1q_f32' from incompatible pointer type [-Wincompatible-pointer-types]
 #define v4x3_load(tab, i)  vld1q_f32((float32x4_t*)&tab[i])
                                      ^
../main.c:458:15: note: in expansion of macro 'v4x3_load'
    v4x3 l4w = v4x3_load(Layer4_Weights_CPU, 1+101*i+j);
               ^
In file included from ../simd_neon.h:6:0,
                 from ../simd.h:5,
                 from ../main.c:19:
d:\sdk\2016.4\gnu\aarch32\nt\gcc-arm-none-eabi\lib\gcc\arm-none-eabi\5.2.1\include\arm_neon.h:8740:1: note: expected 'const float32_t * {aka const float *}' but argument is of type '__vector(4) float *'
 vld1q_f32 (const float32_t * __a)
 ^
In file included from ../simd.h:5:0,
                 from ../main.c:19:
../simd_neon.h:11:38: warning: passing argument 1 of 'vld1q_f32' from incompatible pointer type [-Wincompatible-pointer-types]
 #define v4x3_load(tab, i)  vld1q_f32((float32x4_t*)&tab[i])
                                      ^
../main.c:459:15: note: in expansion of macro 'v4x3_load'
    v4x3 l4n = v4x3_load(Layer4_Neurons_CPU, j );
               ^
In file included from ../simd_neon.h:6:0,
                 from ../simd.h:5,
                 from ../main.c:19:
d:\sdk\2016.4\gnu\aarch32\nt\gcc-arm-none-eabi\lib\gcc\arm-none-eabi\5.2.1\include\arm_neon.h:8740:1: note: expected 'const float32_t * {aka const float *}' but argument is of type '__vector(4) float *'
 vld1q_f32 (const float32_t * __a)
 ^
In file included from ../simd.h:5:0,
                 from ../main.c:19:
../main.c: In function 'calculateLayer4_SIMD_int':
../simd_neon.h:11:38: warning: passing argument 1 of 'vld1q_f32' from incompatible pointer type [-Wincompatible-pointer-types]
 #define v4x3_load(tab, i)  vld1q_f32((float32x4_t*)&tab[i])
                                      ^
../main.c:554:15: note: in expansion of macro 'v4x3_load'
    v4x3 l4w = v4x3_load(Layer3_Weights_CPU, i*(1+50*25)+1 + j);
               ^
In file included from ../simd_neon.h:6:0,
                 from ../simd.h:5,
                 from ../main.c:19:
d:\sdk\2016.4\gnu\aarch32\nt\gcc-arm-none-eabi\lib\gcc\arm-none-eabi\5.2.1\include\arm_neon.h:8740:1: note: expected 'const float32_t * {aka const float *}' but argument is of type '__vector(4) float *'
 vld1q_f32 (const float32_t * __a)
 ^
In file included from ../simd.h:5:0,
                 from ../main.c:19:
../simd_neon.h:11:38: warning: passing argument 1 of 'vld1q_f32' from incompatible pointer type [-Wincompatible-pointer-types]
 #define v4x3_load(tab, i)  vld1q_f32((float32x4_t*)&tab[i])
                                      ^
../main.c:555:15: note: in expansion of macro 'v4x3_load'
    v4x3 l4n = v4x3_load(Layer3_Neurons_CPU, j );
               ^
In file included from ../simd_neon.h:6:0,
                 from ../simd.h:5,
                 from ../main.c:19:
d:\sdk\2016.4\gnu\aarch32\nt\gcc-arm-none-eabi\lib\gcc\arm-none-eabi\5.2.1\include\arm_neon.h:8740:1: note: expected 'const float32_t * {aka const float *}' but argument is of type '__vector(4) float *'
 vld1q_f32 (const float32_t * __a)
 ^
In file included from ../simd.h:5:0,
                 from ../main.c:19:
../main.c: In function 'calculateLayer5_SIMD_int':
../simd_neon.h:11:38: warning: passing argument 1 of 'vld1q_f32' from incompatible pointer type [-Wincompatible-pointer-types]
 #define v4x3_load(tab, i)  vld1q_f32((float32x4_t*)&tab[i])
                                      ^
../main.c:584:15: note: in expansion of macro 'v4x3_load'
    v4x3 l4w = v4x3_load(Layer4_Weights_CPU, 1+101*i+j);
               ^
In file included from ../simd_neon.h:6:0,
                 from ../simd.h:5,
                 from ../main.c:19:
d:\sdk\2016.4\gnu\aarch32\nt\gcc-arm-none-eabi\lib\gcc\arm-none-eabi\5.2.1\include\arm_neon.h:8740:1: note: expected 'const float32_t * {aka const float *}' but argument is of type '__vector(4) float *'
 vld1q_f32 (const float32_t * __a)
 ^
In file included from ../simd.h:5:0,
                 from ../main.c:19:
../simd_neon.h:11:38: warning: passing argument 1 of 'vld1q_f32' from incompatible pointer type [-Wincompatible-pointer-types]
 #define v4x3_load(tab, i)  vld1q_f32((float32x4_t*)&tab[i])
                                      ^
../main.c:585:15: note: in expansion of macro 'v4x3_load'
    v4x3 l4n = v4x3_load(Layer4_Neurons_CPU, j );
               ^
In file included from ../simd_neon.h:6:0,
                 from ../simd.h:5,
                 from ../main.c:19:
d:\sdk\2016.4\gnu\aarch32\nt\gcc-arm-none-eabi\lib\gcc\arm-none-eabi\5.2.1\include\arm_neon.h:8740:1: note: expected 'const float32_t * {aka const float *}' but argument is of type '__vector(4) float *'
 vld1q_f32 (const float32_t * __a)
 ^
'Finished building: ../main.c'
' '
'Building target: DeepLearningZynq.elf'
'Invoking: ARM v7 gcc linker'
arm-none-eabi-gcc -mcpu=cortex-a9 -mfpu=neon -mfloat-abi=hard -Wl,-build-id=none -specs=Xilinx.spec -Wl,-T -Wl,../src/lscript.ld -L../../DeepLearningZynq_bsp/ps7_cortexa9_0/lib -o "DeepLearningZynq.elf"  ./src/platform.o  ./fonctions_ES.o ./main.o ./timers_b.o   -lm -lm -Wl,--start-group,-lxil,-lgcc,-lc,--end-group
'Finished building target: DeepLearningZynq.elf'
' '
'Invoking: ARM v7 Print Size'
arm-none-eabi-size DeepLearningZynq.elf  |tee "DeepLearningZynq.elf.size"
   text	   data	    bss	    dec	    hex	filename
 100904	 806980	  23328	 931212	  e358c	DeepLearningZynq.elf
'Finished building: DeepLearningZynq.elf.size'
' '
22:48:49 **** Auto Build of configuration Debug for project DeepLearningZynq ****
make pre-build main-build 
a9-linaro-pre-build-step
' '
'Building file: ../main.c'
'Invoking: ARM v7 gcc compiler'
arm-none-eabi-gcc -Wall -O0 -g3 -c -fmessage-length=0 -MT"main.o" -mcpu=cortex-a9 -mfpu=neon -mfloat-abi=hard -I../../DeepLearningZynq_bsp/ps7_cortexa9_0/include -MMD -MP -MF"main.d" -MT"main.o" -o "main.o" "../main.c"
../main.c: In function '_main':
../main.c:98:3: warning: unused variable 'Layer4_Neurons_CPU' [-Wunused-variable]
   Layer4_Neurons_CPU[100];
   ^
../main.c:97:3: warning: unused variable 'Layer3_Neurons_CPU' [-Wunused-variable]
   Layer3_Neurons_CPU[50*5*5],
   ^
../main.c:96:3: warning: unused variable 'Layer2_Neurons_CPU' [-Wunused-variable]
   Layer2_Neurons_CPU[6*13*13],
   ^
../main.c:95:3: warning: unused variable 'Layer1_Neurons_CPU' [-Wunused-variable]
   Layer1_Neurons_CPU[IMGWIDTH*IMGHEIGHT],
   ^
In file included from ../simd.h:5:0,
                 from ../main.c:19:
../main.c: In function 'calculateLayer4_SIMD':
../simd_neon.h:11:38: warning: passing argument 1 of 'vld1q_f32' from incompatible pointer type [-Wincompatible-pointer-types]
 #define v4x3_load(tab, i)  vld1q_f32((v4x3*)&tab[i])
                                      ^
../main.c:428:15: note: in expansion of macro 'v4x3_load'
    v4x3 l4w = v4x3_load(Layer3_Weights_CPU, i*(1+50*25)+1 + j);
               ^
In file included from ../simd_neon.h:6:0,
                 from ../simd.h:5,
                 from ../main.c:19:
d:\sdk\2016.4\gnu\aarch32\nt\gcc-arm-none-eabi\lib\gcc\arm-none-eabi\5.2.1\include\arm_neon.h:8740:1: note: expected 'const float32_t * {aka const float *}' but argument is of type '__vector(4) float *'
 vld1q_f32 (const float32_t * __a)
 ^
In file included from ../simd.h:5:0,
                 from ../main.c:19:
../simd_neon.h:11:38: warning: passing argument 1 of 'vld1q_f32' from incompatible pointer type [-Wincompatible-pointer-types]
 #define v4x3_load(tab, i)  vld1q_f32((v4x3*)&tab[i])
                                      ^
../main.c:429:15: note: in expansion of macro 'v4x3_load'
    v4x3 l4n = v4x3_load(Layer3_Neurons_CPU, j );
               ^
In file included from ../simd_neon.h:6:0,
                 from ../simd.h:5,
                 from ../main.c:19:
d:\sdk\2016.4\gnu\aarch32\nt\gcc-arm-none-eabi\lib\gcc\arm-none-eabi\5.2.1\include\arm_neon.h:8740:1: note: expected 'const float32_t * {aka const float *}' but argument is of type '__vector(4) float *'
 vld1q_f32 (const float32_t * __a)
 ^
In file included from ../simd.h:5:0,
                 from ../main.c:19:
../main.c: In function 'calculateLayer5_SIMD':
../simd_neon.h:11:38: warning: passing argument 1 of 'vld1q_f32' from incompatible pointer type [-Wincompatible-pointer-types]
 #define v4x3_load(tab, i)  vld1q_f32((v4x3*)&tab[i])
                                      ^
../main.c:458:15: note: in expansion of macro 'v4x3_load'
    v4x3 l4w = v4x3_load(Layer4_Weights_CPU, 1+101*i+j);
               ^
In file included from ../simd_neon.h:6:0,
                 from ../simd.h:5,
                 from ../main.c:19:
d:\sdk\2016.4\gnu\aarch32\nt\gcc-arm-none-eabi\lib\gcc\arm-none-eabi\5.2.1\include\arm_neon.h:8740:1: note: expected 'const float32_t * {aka const float *}' but argument is of type '__vector(4) float *'
 vld1q_f32 (const float32_t * __a)
 ^
In file included from ../simd.h:5:0,
                 from ../main.c:19:
../simd_neon.h:11:38: warning: passing argument 1 of 'vld1q_f32' from incompatible pointer type [-Wincompatible-pointer-types]
 #define v4x3_load(tab, i)  vld1q_f32((v4x3*)&tab[i])
                                      ^
../main.c:459:15: note: in expansion of macro 'v4x3_load'
    v4x3 l4n = v4x3_load(Layer4_Neurons_CPU, j );
               ^
In file included from ../simd_neon.h:6:0,
                 from ../simd.h:5,
                 from ../main.c:19:
d:\sdk\2016.4\gnu\aarch32\nt\gcc-arm-none-eabi\lib\gcc\arm-none-eabi\5.2.1\include\arm_neon.h:8740:1: note: expected 'const float32_t * {aka const float *}' but argument is of type '__vector(4) float *'
 vld1q_f32 (const float32_t * __a)
 ^
In file included from ../simd.h:5:0,
                 from ../main.c:19:
../main.c: In function 'calculateLayer4_SIMD_int':
../simd_neon.h:11:38: warning: passing argument 1 of 'vld1q_f32' from incompatible pointer type [-Wincompatible-pointer-types]
 #define v4x3_load(tab, i)  vld1q_f32((v4x3*)&tab[i])
                                      ^
../main.c:554:15: note: in expansion of macro 'v4x3_load'
    v4x3 l4w = v4x3_load(Layer3_Weights_CPU, i*(1+50*25)+1 + j);
               ^
In file included from ../simd_neon.h:6:0,
                 from ../simd.h:5,
                 from ../main.c:19:
d:\sdk\2016.4\gnu\aarch32\nt\gcc-arm-none-eabi\lib\gcc\arm-none-eabi\5.2.1\include\arm_neon.h:8740:1: note: expected 'const float32_t * {aka const float *}' but argument is of type '__vector(4) float *'
 vld1q_f32 (const float32_t * __a)
 ^
In file included from ../simd.h:5:0,
                 from ../main.c:19:
../simd_neon.h:11:38: warning: passing argument 1 of 'vld1q_f32' from incompatible pointer type [-Wincompatible-pointer-types]
 #define v4x3_load(tab, i)  vld1q_f32((v4x3*)&tab[i])
                                      ^
../main.c:555:15: note: in expansion of macro 'v4x3_load'
    v4x3 l4n = v4x3_load(Layer3_Neurons_CPU, j );
               ^
In file included from ../simd_neon.h:6:0,
                 from ../simd.h:5,
                 from ../main.c:19:
d:\sdk\2016.4\gnu\aarch32\nt\gcc-arm-none-eabi\lib\gcc\arm-none-eabi\5.2.1\include\arm_neon.h:8740:1: note: expected 'const float32_t * {aka const float *}' but argument is of type '__vector(4) float *'
 vld1q_f32 (const float32_t * __a)
 ^
In file included from ../simd.h:5:0,
                 from ../main.c:19:
../main.c: In function 'calculateLayer5_SIMD_int':
../simd_neon.h:11:38: warning: passing argument 1 of 'vld1q_f32' from incompatible pointer type [-Wincompatible-pointer-types]
 #define v4x3_load(tab, i)  vld1q_f32((v4x3*)&tab[i])
                                      ^
../main.c:584:15: note: in expansion of macro 'v4x3_load'
    v4x3 l4w = v4x3_load(Layer4_Weights_CPU, 1+101*i+j);
               ^
In file included from ../simd_neon.h:6:0,
                 from ../simd.h:5,
                 from ../main.c:19:
d:\sdk\2016.4\gnu\aarch32\nt\gcc-arm-none-eabi\lib\gcc\arm-none-eabi\5.2.1\include\arm_neon.h:8740:1: note: expected 'const float32_t * {aka const float *}' but argument is of type '__vector(4) float *'
 vld1q_f32 (const float32_t * __a)
 ^
In file included from ../simd.h:5:0,
                 from ../main.c:19:
../simd_neon.h:11:38: warning: passing argument 1 of 'vld1q_f32' from incompatible pointer type [-Wincompatible-pointer-types]
 #define v4x3_load(tab, i)  vld1q_f32((v4x3*)&tab[i])
                                      ^
../main.c:585:15: note: in expansion of macro 'v4x3_load'
    v4x3 l4n = v4x3_load(Layer4_Neurons_CPU, j );
               ^
In file included from ../simd_neon.h:6:0,
                 from ../simd.h:5,
                 from ../main.c:19:
d:\sdk\2016.4\gnu\aarch32\nt\gcc-arm-none-eabi\lib\gcc\arm-none-eabi\5.2.1\include\arm_neon.h:8740:1: note: expected 'const float32_t * {aka const float *}' but argument is of type '__vector(4) float *'
 vld1q_f32 (const float32_t * __a)
 ^
'Finished building: ../main.c'
' '
'Building target: DeepLearningZynq.elf'
'Invoking: ARM v7 gcc linker'
arm-none-eabi-gcc -mcpu=cortex-a9 -mfpu=neon -mfloat-abi=hard -Wl,-build-id=none -specs=Xilinx.spec -Wl,-T -Wl,../src/lscript.ld -L../../DeepLearningZynq_bsp/ps7_cortexa9_0/lib -o "DeepLearningZynq.elf"  ./src/platform.o  ./fonctions_ES.o ./main.o ./timers_b.o   -lm -lm -Wl,--start-group,-lxil,-lgcc,-lc,--end-group
'Finished building target: DeepLearningZynq.elf'
' '
'Invoking: ARM v7 Print Size'
arm-none-eabi-size DeepLearningZynq.elf  |tee "DeepLearningZynq.elf.size"
   text	   data	    bss	    dec	    hex	filename
 100904	 806980	  23328	 931212	  e358c	DeepLearningZynq.elf
'Finished building: DeepLearningZynq.elf.size'
' '
22:48:53 **** Auto Build of configuration Debug for project DeepLearningZynq ****
make pre-build main-build 
a9-linaro-pre-build-step
' '
'Building file: ../main.c'
'Invoking: ARM v7 gcc compiler'
arm-none-eabi-gcc -Wall -O0 -g3 -c -fmessage-length=0 -MT"main.o" -mcpu=cortex-a9 -mfpu=neon -mfloat-abi=hard -I../../DeepLearningZynq_bsp/ps7_cortexa9_0/include -MMD -MP -MF"main.d" -MT"main.o" -o "main.o" "../main.c"
../main.c: In function '_main':
../main.c:98:3: warning: unused variable 'Layer4_Neurons_CPU' [-Wunused-variable]
   Layer4_Neurons_CPU[100];
   ^
../main.c:97:3: warning: unused variable 'Layer3_Neurons_CPU' [-Wunused-variable]
   Layer3_Neurons_CPU[50*5*5],
   ^
../main.c:96:3: warning: unused variable 'Layer2_Neurons_CPU' [-Wunused-variable]
   Layer2_Neurons_CPU[6*13*13],
   ^
../main.c:95:3: warning: unused variable 'Layer1_Neurons_CPU' [-Wunused-variable]
   Layer1_Neurons_CPU[IMGWIDTH*IMGHEIGHT],
   ^
In file included from ../simd.h:5:0,
                 from ../main.c:19:
../main.c: In function 'calculateLayer4_SIMD':
../simd_neon.h:11:38: warning: passing argument 1 of 'vld1q_f32' from incompatible pointer type [-Wincompatible-pointer-types]
 #define v4x3_load(tab, i)  vld1q_f32((v4x3*) &tab[i])
                                      ^
../main.c:428:15: note: in expansion of macro 'v4x3_load'
    v4x3 l4w = v4x3_load(Layer3_Weights_CPU, i*(1+50*25)+1 + j);
               ^
In file included from ../simd_neon.h:6:0,
                 from ../simd.h:5,
                 from ../main.c:19:
d:\sdk\2016.4\gnu\aarch32\nt\gcc-arm-none-eabi\lib\gcc\arm-none-eabi\5.2.1\include\arm_neon.h:8740:1: note: expected 'const float32_t * {aka const float *}' but argument is of type '__vector(4) float *'
 vld1q_f32 (const float32_t * __a)
 ^
In file included from ../simd.h:5:0,
                 from ../main.c:19:
../simd_neon.h:11:38: warning: passing argument 1 of 'vld1q_f32' from incompatible pointer type [-Wincompatible-pointer-types]
 #define v4x3_load(tab, i)  vld1q_f32((v4x3*) &tab[i])
                                      ^
../main.c:429:15: note: in expansion of macro 'v4x3_load'
    v4x3 l4n = v4x3_load(Layer3_Neurons_CPU, j );
               ^
In file included from ../simd_neon.h:6:0,
                 from ../simd.h:5,
                 from ../main.c:19:
d:\sdk\2016.4\gnu\aarch32\nt\gcc-arm-none-eabi\lib\gcc\arm-none-eabi\5.2.1\include\arm_neon.h:8740:1: note: expected 'const float32_t * {aka const float *}' but argument is of type '__vector(4) float *'
 vld1q_f32 (const float32_t * __a)
 ^
In file included from ../simd.h:5:0,
                 from ../main.c:19:
../main.c: In function 'calculateLayer5_SIMD':
../simd_neon.h:11:38: warning: passing argument 1 of 'vld1q_f32' from incompatible pointer type [-Wincompatible-pointer-types]
 #define v4x3_load(tab, i)  vld1q_f32((v4x3*) &tab[i])
                                      ^
../main.c:458:15: note: in expansion of macro 'v4x3_load'
    v4x3 l4w = v4x3_load(Layer4_Weights_CPU, 1+101*i+j);
               ^
In file included from ../simd_neon.h:6:0,
                 from ../simd.h:5,
                 from ../main.c:19:
d:\sdk\2016.4\gnu\aarch32\nt\gcc-arm-none-eabi\lib\gcc\arm-none-eabi\5.2.1\include\arm_neon.h:8740:1: note: expected 'const float32_t * {aka const float *}' but argument is of type '__vector(4) float *'
 vld1q_f32 (const float32_t * __a)
 ^
In file included from ../simd.h:5:0,
                 from ../main.c:19:
../simd_neon.h:11:38: warning: passing argument 1 of 'vld1q_f32' from incompatible pointer type [-Wincompatible-pointer-types]
 #define v4x3_load(tab, i)  vld1q_f32((v4x3*) &tab[i])
                                      ^
../main.c:459:15: note: in expansion of macro 'v4x3_load'
    v4x3 l4n = v4x3_load(Layer4_Neurons_CPU, j );
               ^
In file included from ../simd_neon.h:6:0,
                 from ../simd.h:5,
                 from ../main.c:19:
d:\sdk\2016.4\gnu\aarch32\nt\gcc-arm-none-eabi\lib\gcc\arm-none-eabi\5.2.1\include\arm_neon.h:8740:1: note: expected 'const float32_t * {aka const float *}' but argument is of type '__vector(4) float *'
 vld1q_f32 (const float32_t * __a)
 ^
In file included from ../simd.h:5:0,
                 from ../main.c:19:
../main.c: In function 'calculateLayer4_SIMD_int':
../simd_neon.h:11:38: warning: passing argument 1 of 'vld1q_f32' from incompatible pointer type [-Wincompatible-pointer-types]
 #define v4x3_load(tab, i)  vld1q_f32((v4x3*) &tab[i])
                                      ^
../main.c:554:15: note: in expansion of macro 'v4x3_load'
    v4x3 l4w = v4x3_load(Layer3_Weights_CPU, i*(1+50*25)+1 + j);
               ^
In file included from ../simd_neon.h:6:0,
                 from ../simd.h:5,
                 from ../main.c:19:
d:\sdk\2016.4\gnu\aarch32\nt\gcc-arm-none-eabi\lib\gcc\arm-none-eabi\5.2.1\include\arm_neon.h:8740:1: note: expected 'const float32_t * {aka const float *}' but argument is of type '__vector(4) float *'
 vld1q_f32 (const float32_t * __a)
 ^
In file included from ../simd.h:5:0,
                 from ../main.c:19:
../simd_neon.h:11:38: warning: passing argument 1 of 'vld1q_f32' from incompatible pointer type [-Wincompatible-pointer-types]
[...]
../main.c:463:15: note: in expansion of macro 'v4x3_load'
    v4x3 l4n = v4x3_load(Layer4_Neurons_CPU, j );
               ^
In file included from ../simd_neon.h:6:0,
                 from ../simd.h:5,
                 from ../main.c:19:
d:\sdk\2016.4\gnu\aarch32\nt\gcc-arm-none-eabi\lib\gcc\arm-none-eabi\5.2.1\include\arm_neon.h:8740:1: note: expected 'const float32_t * {aka const float *}' but argument is of type '__vector(4) float *'
 vld1q_f32 (const float32_t * __a)
 ^
In file included from ../simd.h:5:0,
                 from ../main.c:19:
../main.c: In function 'calculateLayer4_SIMD_int':
../simd_neon.h:11:38: warning: passing argument 1 of 'vld1q_f32' from incompatible pointer type [-Wincompatible-pointer-types]
 #define v4x3_load(tab, i)  vld1q_f32((v4x3*) &tab[i])
                                      ^
../main.c:558:15: note: in expansion of macro 'v4x3_load'
    v4x3 l4w = v4x3_load(Layer3_Weights_CPU, i*(1+50*25)+1 + j);
               ^
In file included from ../simd_neon.h:6:0,
                 from ../simd.h:5,
                 from ../main.c:19:
d:\sdk\2016.4\gnu\aarch32\nt\gcc-arm-none-eabi\lib\gcc\arm-none-eabi\5.2.1\include\arm_neon.h:8740:1: note: expected 'const float32_t * {aka const float *}' but argument is of type '__vector(4) float *'
 vld1q_f32 (const float32_t * __a)
 ^
In file included from ../simd.h:5:0,
                 from ../main.c:19:
../simd_neon.h:11:38: warning: passing argument 1 of 'vld1q_f32' from incompatible pointer type [-Wincompatible-pointer-types]
 #define v4x3_load(tab, i)  vld1q_f32((v4x3*) &tab[i])
                                      ^
../main.c:559:15: note: in expansion of macro 'v4x3_load'
    v4x3 l4n = v4x3_load(Layer3_Neurons_CPU, j );
               ^
In file included from ../simd_neon.h:6:0,
                 from ../simd.h:5,
                 from ../main.c:19:
d:\sdk\2016.4\gnu\aarch32\nt\gcc-arm-none-eabi\lib\gcc\arm-none-eabi\5.2.1\include\arm_neon.h:8740:1: note: expected 'const float32_t * {aka const float *}' but argument is of type '__vector(4) float *'
 vld1q_f32 (const float32_t * __a)
 ^
In file included from ../simd.h:5:0,
                 from ../main.c:19:
../main.c: In function 'calculateLayer5_SIMD_int':
../simd_neon.h:11:38: warning: passing argument 1 of 'vld1q_f32' from incompatible pointer type [-Wincompatible-pointer-types]
 #define v4x3_load(tab, i)  vld1q_f32((v4x3*) &tab[i])
                                      ^
../main.c:588:15: note: in expansion of macro 'v4x3_load'
    v4x3 l4w = v4x3_load(Layer4_Weights_CPU, 1+101*i+j);
               ^
In file included from ../simd_neon.h:6:0,
                 from ../simd.h:5,
                 from ../main.c:19:
d:\sdk\2016.4\gnu\aarch32\nt\gcc-arm-none-eabi\lib\gcc\arm-none-eabi\5.2.1\include\arm_neon.h:8740:1: note: expected 'const float32_t * {aka const float *}' but argument is of type '__vector(4) float *'
 vld1q_f32 (const float32_t * __a)
 ^
In file included from ../simd.h:5:0,
                 from ../main.c:19:
../simd_neon.h:11:38: warning: passing argument 1 of 'vld1q_f32' from incompatible pointer type [-Wincompatible-pointer-types]
 #define v4x3_load(tab, i)  vld1q_f32((v4x3*) &tab[i])
                                      ^
../main.c:589:15: note: in expansion of macro 'v4x3_load'
    v4x3 l4n = v4x3_load(Layer4_Neurons_CPU, j );
               ^
In file included from ../simd_neon.h:6:0,
                 from ../simd.h:5,
                 from ../main.c:19:
d:\sdk\2016.4\gnu\aarch32\nt\gcc-arm-none-eabi\lib\gcc\arm-none-eabi\5.2.1\include\arm_neon.h:8740:1: note: expected 'const float32_t * {aka const float *}' but argument is of type '__vector(4) float *'
 vld1q_f32 (const float32_t * __a)
 ^
'Finished building: ../main.c'
' '
'Building target: DeepLearningZynq.elf'
'Invoking: ARM v7 gcc linker'
arm-none-eabi-gcc -mcpu=cortex-a9 -mfpu=neon -mfloat-abi=hard -Wl,-build-id=none -specs=Xilinx.spec -Wl,-T -Wl,../src/lscript.ld -L../../DeepLearningZynq_bsp/ps7_cortexa9_0/lib -o "DeepLearningZynq.elf"  ./src/platform.o  ./fonctions_ES.o ./main.o ./timers_b.o   -lm -lm -Wl,--start-group,-lxil,-lgcc,-lc,--end-group
'Finished building target: DeepLearningZynq.elf'
' '
'Invoking: ARM v7 Print Size'
arm-none-eabi-size DeepLearningZynq.elf  |tee "DeepLearningZynq.elf.size"
   text	   data	    bss	    dec	    hex	filename
 102896	 806980	  23328	 933204	  e3d54	DeepLearningZynq.elf
'Finished building: DeepLearningZynq.elf.size'
' '
23:26:15 **** Auto Build of configuration Debug for project DeepLearningZynq ****
make pre-build main-build 
a9-linaro-pre-build-step
' '
'Building file: ../main.c'
'Invoking: ARM v7 gcc compiler'
arm-none-eabi-gcc -Wall -O0 -g3 -c -fmessage-length=0 -MT"main.o" -mcpu=cortex-a9 -mfpu=neon -mfloat-abi=hard -I../../DeepLearningZynq_bsp/ps7_cortexa9_0/include -MMD -MP -MF"main.d" -MT"main.o" -o "main.o" "../main.c"
In file included from ../simd.h:5:0,
                 from ../main.c:19:
../main.c: In function 'calculateLayer4_SIMD':
../simd_neon.h:11:38: warning: passing argument 1 of 'vld1q_f32' from incompatible pointer type [-Wincompatible-pointer-types]
 #define v4x3_load(tab, i)  vld1q_f32((v4x3*) &tab[i])
                                      ^
../main.c:432:15: note: in expansion of macro 'v4x3_load'
    v4x3 l4w = v4x3_load(Layer3_Weights_CPU, i*(1+50*25)+1 + j);
               ^
In file included from ../simd_neon.h:6:0,
                 from ../simd.h:5,
                 from ../main.c:19:
d:\sdk\2016.4\gnu\aarch32\nt\gcc-arm-none-eabi\lib\gcc\arm-none-eabi\5.2.1\include\arm_neon.h:8740:1: note: expected 'const float32_t * {aka const float *}' but argument is of type '__vector(4) float *'
 vld1q_f32 (const float32_t * __a)
 ^
In file included from ../simd.h:5:0,
                 from ../main.c:19:
../simd_neon.h:11:38: warning: passing argument 1 of 'vld1q_f32' from incompatible pointer type [-Wincompatible-pointer-types]
 #define v4x3_load(tab, i)  vld1q_f32((v4x3*) &tab[i])
                                      ^
../main.c:433:15: note: in expansion of macro 'v4x3_load'
    v4x3 l4n = v4x3_load(Layer3_Neurons_CPU, j );
               ^
In file included from ../simd_neon.h:6:0,
                 from ../simd.h:5,
                 from ../main.c:19:
d:\sdk\2016.4\gnu\aarch32\nt\gcc-arm-none-eabi\lib\gcc\arm-none-eabi\5.2.1\include\arm_neon.h:8740:1: note: expected 'const float32_t * {aka const float *}' but argument is of type '__vector(4) float *'
 vld1q_f32 (const float32_t * __a)
 ^
In file included from ../simd.h:5:0,
                 from ../main.c:19:
../main.c: In function 'calculateLayer5_SIMD':
../simd_neon.h:11:38: warning: passing argument 1 of 'vld1q_f32' from incompatible pointer type [-Wincompatible-pointer-types]
 #define v4x3_load(tab, i)  vld1q_f32((v4x3*) &tab[i])
                                      ^
../main.c:462:15: note: in expansion of macro 'v4x3_load'
    v4x3 l4w = v4x3_load(Layer4_Weights_CPU, 1+101*i+j);
               ^
In file included from ../simd_neon.h:6:0,
                 from ../simd.h:5,
                 from ../main.c:19:
d:\sdk\2016.4\gnu\aarch32\nt\gcc-arm-none-eabi\lib\gcc\arm-none-eabi\5.2.1\include\arm_neon.h:8740:1: note: expected 'const float32_t * {aka const float *}' but argument is of type '__vector(4) float *'
 vld1q_f32 (const float32_t * __a)
 ^
In file included from ../simd.h:5:0,
                 from ../main.c:19:
../simd_neon.h:11:38: warning: passing argument 1 of 'vld1q_f32' from incompatible pointer type [-Wincompatible-pointer-types]
 #define v4x3_load(tab, i)  vld1q_f32((v4x3*) &tab[i])
                                      ^
../main.c:463:15: note: in expansion of macro 'v4x3_load'
    v4x3 l4n = v4x3_load(Layer4_Neurons_CPU, j );
               ^
In file included from ../simd_neon.h:6:0,
                 from ../simd.h:5,
                 from ../main.c:19:
d:\sdk\2016.4\gnu\aarch32\nt\gcc-arm-none-eabi\lib\gcc\arm-none-eabi\5.2.1\include\arm_neon.h:8740:1: note: expected 'const float32_t * {aka const float *}' but argument is of type '__vector(4) float *'
 vld1q_f32 (const float32_t * __a)
 ^
In file included from ../simd.h:5:0,
                 from ../main.c:19:
../main.c: In function 'calculateLayer4_SIMD_int':
../simd_neon.h:11:38: warning: passing argument 1 of 'vld1q_f32' from incompatible pointer type [-Wincompatible-pointer-types]
 #define v4x3_load(tab, i)  vld1q_f32((v4x3*) &tab[i])
                                      ^
../main.c:558:15: note: in expansion of macro 'v4x3_load'
    v4x3 l4w = v4x3_load(Layer3_Weights_CPU, i*(1+50*25)+1 + j);
               ^
In file included from ../simd_neon.h:6:0,
                 from ../simd.h:5,
                 from ../main.c:19:
d:\sdk\2016.4\gnu\aarch32\nt\gcc-arm-none-eabi\lib\gcc\arm-none-eabi\5.2.1\include\arm_neon.h:8740:1: note: expected 'const float32_t * {aka const float *}' but argument is of type '__vector(4) float *'
 vld1q_f32 (const float32_t * __a)
 ^
In file included from ../simd.h:5:0,
                 from ../main.c:19:
../simd_neon.h:11:38: warning: passing argument 1 of 'vld1q_f32' from incompatible pointer type [-Wincompatible-pointer-types]
 #define v4x3_load(tab, i)  vld1q_f32((v4x3*) &tab[i])
                                      ^
../main.c:559:15: note: in expansion of macro 'v4x3_load'
    v4x3 l4n = v4x3_load(Layer3_Neurons_CPU, j );
               ^
In file included from ../simd_neon.h:6:0,
                 from ../simd.h:5,
                 from ../main.c:19:
d:\sdk\2016.4\gnu\aarch32\nt\gcc-arm-none-eabi\lib\gcc\arm-none-eabi\5.2.1\include\arm_neon.h:8740:1: note: expected 'const float32_t * {aka const float *}' but argument is of type '__vector(4) float *'
 vld1q_f32 (const float32_t * __a)
 ^
In file included from ../simd.h:5:0,
                 from ../main.c:19:
../main.c: In function 'calculateLayer5_SIMD_int':
../simd_neon.h:11:38: warning: passing argument 1 of 'vld1q_f32' from incompatible pointer type [-Wincompatible-pointer-types]
 #define v4x3_load(tab, i)  vld1q_f32((v4x3*) &tab[i])
                                      ^
../main.c:588:15: note: in expansion of macro 'v4x3_load'
    v4x3 l4w = v4x3_load(Layer4_Weights_CPU, 1+101*i+j);
               ^
In file included from ../simd_neon.h:6:0,
                 from ../simd.h:5,
                 from ../main.c:19:
d:\sdk\2016.4\gnu\aarch32\nt\gcc-arm-none-eabi\lib\gcc\arm-none-eabi\5.2.1\include\arm_neon.h:8740:1: note: expected 'const float32_t * {aka const float *}' but argument is of type '__vector(4) float *'
 vld1q_f32 (const float32_t * __a)
 ^
In file included from ../simd.h:5:0,
                 from ../main.c:19:
../simd_neon.h:11:38: warning: passing argument 1 of 'vld1q_f32' from incompatible pointer type [-Wincompatible-pointer-types]
 #define v4x3_load(tab, i)  vld1q_f32((v4x3*) &tab[i])
                                      ^
../main.c:589:15: note: in expansion of macro 'v4x3_load'
    v4x3 l4n = v4x3_load(Layer4_Neurons_CPU, j );
               ^
In file included from ../simd_neon.h:6:0,
                 from ../simd.h:5,
                 from ../main.c:19:
d:\sdk\2016.4\gnu\aarch32\nt\gcc-arm-none-eabi\lib\gcc\arm-none-eabi\5.2.1\include\arm_neon.h:8740:1: note: expected 'const float32_t * {aka const float *}' but argument is of type '__vector(4) float *'
 vld1q_f32 (const float32_t * __a)
 ^
'Finished building: ../main.c'
' '
'Building target: DeepLearningZynq.elf'
'Invoking: ARM v7 gcc linker'
arm-none-eabi-gcc -mcpu=cortex-a9 -mfpu=neon -mfloat-abi=hard -Wl,-build-id=none -specs=Xilinx.spec -Wl,-T -Wl,../src/lscript.ld -L../../DeepLearningZynq_bsp/ps7_cortexa9_0/lib -o "DeepLearningZynq.elf"  ./src/platform.o  ./fonctions_ES.o ./main.o ./timers_b.o   -lm -lm -Wl,--start-group,-lxil,-lgcc,-lc,--end-group
'Finished building target: DeepLearningZynq.elf'
' '
'Invoking: ARM v7 Print Size'
arm-none-eabi-size DeepLearningZynq.elf  |tee "DeepLearningZynq.elf.size"
   text	   data	    bss	    dec	    hex	filename
 102792	 806980	  23328	 933100	  e3cec	DeepLearningZynq.elf
'Finished building: DeepLearningZynq.elf.size'
' '
23:26:18 **** Incremental Build of configuration Debug for project DeepLearningZynq ****
make pre-build main-build 
a9-linaro-pre-build-step
' '
make: Rien à faire pour « main-build ».
23:27:03 **** Incremental Build of configuration Debug for project DeepLearningZynq ****
make pre-build main-build 
a9-linaro-pre-build-step
' '
make: Rien à faire pour « main-build ».
00:25:31 **** Auto Build of configuration Debug for project DeepLearningZynq ****
make pre-build main-build 
a9-linaro-pre-build-step
' '
'Building file: ../main.c'
'Invoking: ARM v7 gcc compiler'
arm-none-eabi-gcc -Wall -O0 -g3 -c -fmessage-length=0 -MT"main.o" -mcpu=cortex-a9 -mfpu=neon -mfloat-abi=hard -I../../DeepLearningZynq_bsp/ps7_cortexa9_0/include -MMD -MP -MF"main.d" -MT"main.o" -o "main.o" "../main.c"
In file included from ../simd.h:5:0,
                 from ../main.c:19:
../main.c: In function 'calculateLayer4_SIMD':
../simd_neon.h:11:38: warning: passing argument 1 of 'vld1q_f32' from incompatible pointer type [-Wincompatible-pointer-types]
 #define v4x3_load(tab, i)  vld1q_f32((v4x3*) &tab[i])
                                      ^
../main.c:432:15: note: in expansion of macro 'v4x3_load'
    v4x3 l4w = v4x3_load(Layer3_Weights_CPU, i*(1+50*25)+1 + j);
               ^
In file included from ../simd_neon.h:6:0,
                 from ../simd.h:5,
                 from ../main.c:19:
d:\sdk\2016.4\gnu\aarch32\nt\gcc-arm-none-eabi\lib\gcc\arm-none-eabi\5.2.1\include\arm_neon.h:8740:1: note: expected 'const float32_t * {aka const float *}' but argument is of type '__vector(4) float *'
 vld1q_f32 (const float32_t * __a)
 ^
In file included from ../simd.h:5:0,
                 from ../main.c:19:
../simd_neon.h:11:38: warning: passing argument 1 of 'vld1q_f32' from incompatible pointer type [-Wincompatible-pointer-types]
 #define v4x3_load(tab, i)  vld1q_f32((v4x3*) &tab[i])
                                      ^
../main.c:433:15: note: in expansion of macro 'v4x3_load'
    v4x3 l4n = v4x3_load(Layer3_Neurons_CPU, j );
               ^
In file included from ../simd_neon.h:6:0,
                 from ../simd.h:5,
                 from ../main.c:19:
d:\sdk\2016.4\gnu\aarch32\nt\gcc-arm-none-eabi\lib\gcc\arm-none-eabi\5.2.1\include\arm_neon.h:8740:1: note: expected 'const float32_t * {aka const float *}' but argument is of type '__vector(4) float *'
 vld1q_f32 (const float32_t * __a)
 ^
In file included from ../simd.h:5:0,
                 from ../main.c:19:
../main.c: In function 'calculateLayer5_SIMD':
../simd_neon.h:11:38: warning: passing argument 1 of 'vld1q_f32' from incompatible pointer type [-Wincompatible-pointer-types]
 #define v4x3_load(tab, i)  vld1q_f32((v4x3*) &tab[i])
                                      ^
../main.c:462:15: note: in expansion of macro 'v4x3_load'
    v4x3 l4w = v4x3_load(Layer4_Weights_CPU, 1+101*i+j);
               ^
In file included from ../simd_neon.h:6:0,
                 from ../simd.h:5,
                 from ../main.c:19:
d:\sdk\2016.4\gnu\aarch32\nt\gcc-arm-none-eabi\lib\gcc\arm-none-eabi\5.2.1\include\arm_neon.h:8740:1: note: expected 'const float32_t * {aka const float *}' but argument is of type '__vector(4) float *'
 vld1q_f32 (const float32_t * __a)
 ^
In file included from ../simd.h:5:0,
                 from ../main.c:19:
../simd_neon.h:11:38: warning: passing argument 1 of 'vld1q_f32' from incompatible pointer type [-Wincompatible-pointer-types]
 #define v4x3_load(tab, i)  vld1q_f32((v4x3*) &tab[i])
                                      ^
../main.c:463:15: note: in expansion of macro 'v4x3_load'
    v4x3 l4n = v4x3_load(Layer4_Neurons_CPU, j );
               ^
In file included from ../simd_neon.h:6:0,
                 from ../simd.h:5,
                 from ../main.c:19:
d:\sdk\2016.4\gnu\aarch32\nt\gcc-arm-none-eabi\lib\gcc\arm-none-eabi\5.2.1\include\arm_neon.h:8740:1: note: expected 'const float32_t * {aka const float *}' but argument is of type '__vector(4) float *'
 vld1q_f32 (const float32_t * __a)
 ^
In file included from ../simd.h:5:0,
                 from ../main.c:19:
../main.c: In function 'calculateLayer4_SIMD_int':
../simd_neon.h:11:38: warning: passing argument 1 of 'vld1q_f32' from incompatible pointer type [-Wincompatible-pointer-types]
 #define v4x3_load(tab, i)  vld1q_f32((v4x3*) &tab[i])
                                      ^
../main.c:558:15: note: in expansion of macro 'v4x3_load'
    v4x3 l4w = v4x3_load(Layer3_Weights_CPU, i*(1+50*25)+1 + j);
               ^
In file included from ../simd_neon.h:6:0,
                 from ../simd.h:5,
                 from ../main.c:19:
d:\sdk\2016.4\gnu\aarch32\nt\gcc-arm-none-eabi\lib\gcc\arm-none-eabi\5.2.1\include\arm_neon.h:8740:1: note: expected 'const float32_t * {aka const float *}' but argument is of type '__vector(4) float *'
 vld1q_f32 (const float32_t * __a)
 ^
In file included from ../simd.h:5:0,
                 from ../main.c:19:
../simd_neon.h:11:38: warning: passing argument 1 of 'vld1q_f32' from incompatible pointer type [-Wincompatible-pointer-types]
 #define v4x3_load(tab, i)  vld1q_f32((v4x3*) &tab[i])
                                      ^
../main.c:559:15: note: in expansion of macro 'v4x3_load'
    v4x3 l4n = v4x3_load(Layer3_Neurons_CPU, j );
               ^
In file included from ../simd_neon.h:6:0,
                 from ../simd.h:5,
                 from ../main.c:19:
d:\sdk\2016.4\gnu\aarch32\nt\gcc-arm-none-eabi\lib\gcc\arm-none-eabi\5.2.1\include\arm_neon.h:8740:1: note: expected 'const float32_t * {aka const float *}' but argument is of type '__vector(4) float *'
 vld1q_f32 (const float32_t * __a)
 ^
In file included from ../simd.h:5:0,
                 from ../main.c:19:
../main.c: In function 'calculateLayer5_SIMD_int':
../simd_neon.h:11:38: warning: passing argument 1 of 'vld1q_f32' from incompatible pointer type [-Wincompatible-pointer-types]
 #define v4x3_load(tab, i)  vld1q_f32((v4x3*) &tab[i])
                                      ^
../main.c:588:15: note: in expansion of macro 'v4x3_load'
    v4x3 l4w = v4x3_load(Layer4_Weights_CPU, 1+101*i+j);
               ^
In file included from ../simd_neon.h:6:0,
                 from ../simd.h:5,
                 from ../main.c:19:
d:\sdk\2016.4\gnu\aarch32\nt\gcc-arm-none-eabi\lib\gcc\arm-none-eabi\5.2.1\include\arm_neon.h:8740:1: note: expected 'const float32_t * {aka const float *}' but argument is of type '__vector(4) float *'
 vld1q_f32 (const float32_t * __a)
 ^
In file included from ../simd.h:5:0,
                 from ../main.c:19:
../simd_neon.h:11:38: warning: passing argument 1 of 'vld1q_f32' from incompatible pointer type [-Wincompatible-pointer-types]
 #define v4x3_load(tab, i)  vld1q_f32((v4x3*) &tab[i])
                                      ^
../main.c:589:15: note: in expansion of macro 'v4x3_load'
    v4x3 l4n = v4x3_load(Layer4_Neurons_CPU, j );
               ^
In file included from ../simd_neon.h:6:0,
                 from ../simd.h:5,
                 from ../main.c:19:
d:\sdk\2016.4\gnu\aarch32\nt\gcc-arm-none-eabi\lib\gcc\arm-none-eabi\5.2.1\include\arm_neon.h:8740:1: note: expected 'const float32_t * {aka const float *}' but argument is of type '__vector(4) float *'
 vld1q_f32 (const float32_t * __a)
 ^
'Finished building: ../main.c'
' '
'Building target: DeepLearningZynq.elf'
'Invoking: ARM v7 gcc linker'
arm-none-eabi-gcc -mcpu=cortex-a9 -mfpu=neon -mfloat-abi=hard -Wl,-build-id=none -specs=Xilinx.spec -Wl,-T -Wl,../src/lscript.ld -L../../DeepLearningZynq_bsp/ps7_cortexa9_0/lib -o "DeepLearningZynq.elf"  ./src/platform.o  ./fonctions_ES.o ./main.o ./timers_b.o   -lm -lm -Wl,--start-group,-lxil,-lgcc,-lc,--end-group
'Finished building target: DeepLearningZynq.elf'
' '
'Invoking: ARM v7 Print Size'
arm-none-eabi-size DeepLearningZynq.elf  |tee "DeepLearningZynq.elf.size"
   text	   data	    bss	    dec	    hex	filename
 102792	 806980	  23328	 933100	  e3cec	DeepLearningZynq.elf
'Finished building: DeepLearningZynq.elf.size'
' '
